../Core/Src/main.c:83:5:main	40	static
../Core/Src/main.c:164:6:SystemClock_Config	88	static
../Core/Src/main.c:220:13:MX_I2C1_Init	8	static
../Core/Src/main.c:254:13:MX_RTC_Init	8	static
../Core/Src/main.c:287:13:MX_USART2_UART_Init	8	static
../Core/Src/main.c:320:13:MX_GPIO_Init	48	static
../Core/Src/main.c:355:6:HAL_RTC_AlarmAEventCallback	16	static
../Core/Src/main.c:370:6:SetTime	40	static
../Core/Src/main.c:417:6:SetAlarm	48	static
../Core/Src/main.c:453:6:Error_Handler	4	static,ignoring_inline_asm
