../Core/Src/main.c:89:5:main	8	static
../Core/Src/main.c:181:6:SystemClock_Config	88	static
../Core/Src/main.c:229:13:MX_DAC_Init	16	static
../Core/Src/main.c:269:13:MX_TIM7_Init	16	static
../Core/Src/main.c:307:13:MX_USART2_UART_Init	8	static
../Core/Src/main.c:340:13:MX_GPIO_Init	48	static
../Core/Src/main.c:375:6:HAL_TIM_PeriodElapsedCallback	16	static
../Core/Src/main.c:389:6:HAL_UART_RxCpltCallback	16	static
../Core/Src/main.c:437:6:GenSin	32	static
../Core/Src/main.c:465:6:Error_Handler	4	static,ignoring_inline_asm
