../Core/Src/ST7735.c:91:6:ST7735_Select	8	static
../Core/Src/ST7735.c:96:6:ST7735_Unselect	8	static
../Core/Src/ST7735.c:101:6:ST7735_Reset	8	static
../Core/Src/ST7735.c:108:8:ST7735_WriteCommand	16	static
../Core/Src/ST7735.c:114:6:ST7735_WriteData	16	static
../Core/Src/ST7735.c:120:6:DisplayInit	24	static
../Core/Src/ST7735.c:147:6:ST7735_SetAddressWindow	32	static
../Core/Src/ST7735.c:164:6:ST7735_Init	16	static
../Core/Src/ST7735.c:193:6:ST7735_SetRotation	24	static
../Core/Src/ST7735.c:253:6:ST7735_DrawPixel	24	static
../Core/Src/ST7735.c:266:6:ST7735_WriteChar	48	static
../Core/Src/ST7735.c:285:6:ST7735_WriteString	32	static
../Core/Src/ST7735.c:311:6:ST7735_FillRectangle	32	static
../Core/Src/ST7735.c:331:6:ST7735_DrawImage	24	static
../Core/Src/ST7735.c:342:6:ST7735_InvertColors	16	static
