../Core/Src/main.c:79:5:main	8	static
../Core/Src/main.c:146:6:SystemClock_Config	88	static
../Core/Src/main.c:194:13:MX_TIM3_Init	64	static
../Core/Src/main.c:253:13:MX_TIM6_Init	16	static
../Core/Src/main.c:291:13:MX_GPIO_Init	48	static
../Core/Src/main.c:341:6:GenerateIRPulse	4	static
../Core/Src/main.c:353:6:IRTimer1KHZ	4	static
../Core/Src/main.c:364:6:TSOPTimer1KHZ	4	static
../Core/Src/main.c:371:6:HAL_GPIO_EXTI_Callback	16	static
../Core/Src/main.c:401:6:Error_Handler	4	static,ignoring_inline_asm
