Archive member included to satisfy reference by file (symbol)

C:/ST/STM32CubeIDE_1.19.0/STM32CubeIDE/plugins/com.st.stm32cube.ide.mcu.externaltools.gnu-tools-for-stm32.13.3.rel1.win32_1.0.0.202411081344/tools/bin/../lib/gcc/arm-none-eabi/13.3.1/../../../../arm-none-eabi/lib/thumb/v7e-m+fp/hard\libc_nano.a(libc_a-exit.o)
                              C:/ST/STM32CubeIDE_1.19.0/STM32CubeIDE/plugins/com.st.stm32cube.ide.mcu.externaltools.gnu-tools-for-stm32.13.3.rel1.win32_1.0.0.202411081344/tools/bin/../lib/gcc/arm-none-eabi/13.3.1/../../../../arm-none-eabi/lib/thumb/v7e-m+fp/hard/crt0.o (exit)
C:/ST/STM32CubeIDE_1.19.0/STM32CubeIDE/plugins/com.st.stm32cube.ide.mcu.externaltools.gnu-tools-for-stm32.13.3.rel1.win32_1.0.0.202411081344/tools/bin/../lib/gcc/arm-none-eabi/13.3.1/../../../../arm-none-eabi/lib/thumb/v7e-m+fp/hard\libc_nano.a(libc_a-findfp.o)
                              C:/ST/STM32CubeIDE_1.19.0/STM32CubeIDE/plugins/com.st.stm32cube.ide.mcu.externaltools.gnu-tools-for-stm32.13.3.rel1.win32_1.0.0.202411081344/tools/bin/../lib/gcc/arm-none-eabi/13.3.1/../../../../arm-none-eabi/lib/thumb/v7e-m+fp/hard\libc_nano.a(libc_a-exit.o) (__stdio_exit_handler)
C:/ST/STM32CubeIDE_1.19.0/STM32CubeIDE/plugins/com.st.stm32cube.ide.mcu.externaltools.gnu-tools-for-stm32.13.3.rel1.win32_1.0.0.202411081344/tools/bin/../lib/gcc/arm-none-eabi/13.3.1/../../../../arm-none-eabi/lib/thumb/v7e-m+fp/hard\libc_nano.a(libc_a-fwalk.o)
                              C:/ST/STM32CubeIDE_1.19.0/STM32CubeIDE/plugins/com.st.stm32cube.ide.mcu.externaltools.gnu-tools-for-stm32.13.3.rel1.win32_1.0.0.202411081344/tools/bin/../lib/gcc/arm-none-eabi/13.3.1/../../../../arm-none-eabi/lib/thumb/v7e-m+fp/hard\libc_nano.a(libc_a-findfp.o) (_fwalk_sglue)
C:/ST/STM32CubeIDE_1.19.0/STM32CubeIDE/plugins/com.st.stm32cube.ide.mcu.externaltools.gnu-tools-for-stm32.13.3.rel1.win32_1.0.0.202411081344/tools/bin/../lib/gcc/arm-none-eabi/13.3.1/../../../../arm-none-eabi/lib/thumb/v7e-m+fp/hard\libc_nano.a(libc_a-stdio.o)
                              C:/ST/STM32CubeIDE_1.19.0/STM32CubeIDE/plugins/com.st.stm32cube.ide.mcu.externaltools.gnu-tools-for-stm32.13.3.rel1.win32_1.0.0.202411081344/tools/bin/../lib/gcc/arm-none-eabi/13.3.1/../../../../arm-none-eabi/lib/thumb/v7e-m+fp/hard\libc_nano.a(libc_a-findfp.o) (__sread)
C:/ST/STM32CubeIDE_1.19.0/STM32CubeIDE/plugins/com.st.stm32cube.ide.mcu.externaltools.gnu-tools-for-stm32.13.3.rel1.win32_1.0.0.202411081344/tools/bin/../lib/gcc/arm-none-eabi/13.3.1/../../../../arm-none-eabi/lib/thumb/v7e-m+fp/hard\libc_nano.a(libc_a-memset.o)
                              C:/ST/STM32CubeIDE_1.19.0/STM32CubeIDE/plugins/com.st.stm32cube.ide.mcu.externaltools.gnu-tools-for-stm32.13.3.rel1.win32_1.0.0.202411081344/tools/bin/../lib/gcc/arm-none-eabi/13.3.1/../../../../arm-none-eabi/lib/thumb/v7e-m+fp/hard/crt0.o (memset)
C:/ST/STM32CubeIDE_1.19.0/STM32CubeIDE/plugins/com.st.stm32cube.ide.mcu.externaltools.gnu-tools-for-stm32.13.3.rel1.win32_1.0.0.202411081344/tools/bin/../lib/gcc/arm-none-eabi/13.3.1/../../../../arm-none-eabi/lib/thumb/v7e-m+fp/hard\libc_nano.a(libc_a-closer.o)
                              C:/ST/STM32CubeIDE_1.19.0/STM32CubeIDE/plugins/com.st.stm32cube.ide.mcu.externaltools.gnu-tools-for-stm32.13.3.rel1.win32_1.0.0.202411081344/tools/bin/../lib/gcc/arm-none-eabi/13.3.1/../../../../arm-none-eabi/lib/thumb/v7e-m+fp/hard\libc_nano.a(libc_a-stdio.o) (_close_r)
C:/ST/STM32CubeIDE_1.19.0/STM32CubeIDE/plugins/com.st.stm32cube.ide.mcu.externaltools.gnu-tools-for-stm32.13.3.rel1.win32_1.0.0.202411081344/tools/bin/../lib/gcc/arm-none-eabi/13.3.1/../../../../arm-none-eabi/lib/thumb/v7e-m+fp/hard\libc_nano.a(libc_a-reent.o)
                              C:/ST/STM32CubeIDE_1.19.0/STM32CubeIDE/plugins/com.st.stm32cube.ide.mcu.externaltools.gnu-tools-for-stm32.13.3.rel1.win32_1.0.0.202411081344/tools/bin/../lib/gcc/arm-none-eabi/13.3.1/../../../../arm-none-eabi/lib/thumb/v7e-m+fp/hard\libc_nano.a(libc_a-closer.o) (errno)
C:/ST/STM32CubeIDE_1.19.0/STM32CubeIDE/plugins/com.st.stm32cube.ide.mcu.externaltools.gnu-tools-for-stm32.13.3.rel1.win32_1.0.0.202411081344/tools/bin/../lib/gcc/arm-none-eabi/13.3.1/../../../../arm-none-eabi/lib/thumb/v7e-m+fp/hard\libc_nano.a(libc_a-impure.o)
                              C:/ST/STM32CubeIDE_1.19.0/STM32CubeIDE/plugins/com.st.stm32cube.ide.mcu.externaltools.gnu-tools-for-stm32.13.3.rel1.win32_1.0.0.202411081344/tools/bin/../lib/gcc/arm-none-eabi/13.3.1/../../../../arm-none-eabi/lib/thumb/v7e-m+fp/hard\libc_nano.a(libc_a-reent.o) (_impure_ptr)
C:/ST/STM32CubeIDE_1.19.0/STM32CubeIDE/plugins/com.st.stm32cube.ide.mcu.externaltools.gnu-tools-for-stm32.13.3.rel1.win32_1.0.0.202411081344/tools/bin/../lib/gcc/arm-none-eabi/13.3.1/../../../../arm-none-eabi/lib/thumb/v7e-m+fp/hard\libc_nano.a(libc_a-lseekr.o)
[...]
Memory Configuration

Name             Origin             Length             Attributes
RAM              0x20000000         0x00020000         xrw
FLASH            0x08000000         0x00080000         xr
*default*        0x00000000         0xffffffff

Linker script and memory map

LOAD C:/ST/STM32CubeIDE_1.19.0/STM32CubeIDE/plugins/com.st.stm32cube.ide.mcu.externaltools.gnu-tools-for-stm32.13.3.rel1.win32_1.0.0.202411081344/tools/bin/../lib/gcc/arm-none-eabi/13.3.1/thumb/v7e-m+fp/hard/crti.o
LOAD C:/ST/STM32CubeIDE_1.19.0/STM32CubeIDE/plugins/com.st.stm32cube.ide.mcu.externaltools.gnu-tools-for-stm32.13.3.rel1.win32_1.0.0.202411081344/tools/bin/../lib/gcc/arm-none-eabi/13.3.1/thumb/v7e-m+fp/hard/crtbegin.o
LOAD C:/ST/STM32CubeIDE_1.19.0/STM32CubeIDE/plugins/com.st.stm32cube.ide.mcu.externaltools.gnu-tools-for-stm32.13.3.rel1.win32_1.0.0.202411081344/tools/bin/../lib/gcc/arm-none-eabi/13.3.1/../../../../arm-none-eabi/lib/thumb/v7e-m+fp/hard/crt0.o
LOAD ./Core/Src/GFX_FUNCTIONS.o
LOAD ./Core/Src/ST7735.o
LOAD ./Core/Src/fonts.o
LOAD ./Core/Src/main.o
LOAD ./Core/Src/stm32f4xx_hal_msp.o
LOAD ./Core/Src/stm32f4xx_it.o
LOAD ./Core/Src/syscalls.o
LOAD ./Core/Src/sysmem.o
LOAD ./Core/Src/system_stm32f4xx.o
LOAD ./Core/Startup/startup_stm32f446retx.o
LOAD ./Drivers/STM32F4xx_HAL_Driver/Src/stm32f4xx_hal.o
LOAD ./Drivers/STM32F4xx_HAL_Driver/Src/stm32f4xx_hal_cortex.o
LOAD ./Drivers/STM32F4xx_HAL_Driver/Src/stm32f4xx_hal_dma.o
LOAD ./Drivers/STM32F4xx_HAL_Driver/Src/stm32f4xx_hal_dma_ex.o
LOAD ./Drivers/STM32F4xx_HAL_Driver/Src/stm32f4xx_hal_exti.o
LOAD ./Drivers/STM32F4xx_HAL_Driver/Src/stm32f4xx_hal_flash.o
LOAD ./Drivers/STM32F4xx_HAL_Driver/Src/stm32f4xx_hal_flash_ex.o
LOAD ./Drivers/STM32F4xx_HAL_Driver/Src/stm32f4xx_hal_flash_ramfunc.o
LOAD ./Drivers/STM32F4xx_HAL_Driver/Src/stm32f4xx_hal_gpio.o
LOAD ./Drivers/STM32F4xx_HAL_Driver/Src/stm32f4xx_hal_pwr.o
LOAD ./Drivers/STM32F4xx_HAL_Driver/Src/stm32f4xx_hal_pwr_ex.o
LOAD ./Drivers/STM32F4xx_HAL_Driver/Src/stm32f4xx_hal_rcc.o
LOAD ./Drivers/STM32F4xx_HAL_Driver/Src/stm32f4xx_hal_rcc_ex.o
LOAD ./Drivers/STM32F4xx_HAL_Driver/Src/stm32f4xx_hal_spi.o
START GROUP
LOAD C:/ST/STM32CubeIDE_1.19.0/STM32CubeIDE/plugins/com.st.stm32cube.ide.mcu.externaltools.gnu-tools-for-stm32.13.3.rel1.win32_1.0.0.202411081344/tools/bin/../lib/gcc/arm-none-eabi/13.3.1/../../../../arm-none-eabi/lib/thumb/v7e-m+fp/hard\libc_nano.a
LOAD C:/ST/STM32CubeIDE_1.19.0/STM32CubeIDE/plugins/com.st.stm32cube.ide.mcu.externaltools.gnu-tools-for-stm32.13.3.rel1.win32_1.0.0.202411081344/tools/bin/../lib/gcc/arm-none-eabi/13.3.1/../../../../arm-none-eabi/lib/thumb/v7e-m+fp/hard\libm.a
END GROUP
START GROUP
LOAD C:/ST/STM32CubeIDE_1.19.0/STM32CubeIDE/plugins/com.st.stm32cube.ide.mcu.externaltools.gnu-tools-for-stm32.13.3.rel1.win32_1.0.0.202411081344/tools/bin/../lib/gcc/arm-none-eabi/13.3.1/thumb/v7e-m+fp/hard\libgcc.a
LOAD C:/ST/STM32CubeIDE_1.19.0/STM32CubeIDE/plugins/com.st.stm32cube.ide.mcu.externaltools.gnu-tools-for-stm32.13.3.rel1.win32_1.0.0.202411081344/tools/bin/../lib/gcc/arm-none-eabi/13.3.1/../../../../arm-none-eabi/lib/thumb/v7e-m+fp/hard\libc_nano.a
END GROUP
START GROUP
LOAD C:/ST/STM32CubeIDE_1.19.0/STM32CubeIDE/plugins/com.st.stm32cube.ide.mcu.externaltools.gnu-tools-for-stm32.13.3.rel1.win32_1.0.0.202411081344/tools/bin/../lib/gcc/arm-none-eabi/13.3.1/thumb/v7e-m+fp/hard\libgcc.a
LOAD C:/ST/STM32CubeIDE_1.19.0/STM32CubeIDE/plugins/com.st.stm32cube.ide.mcu.externaltools.gnu-tools-for-stm32.13.3.rel1.win32_1.0.0.202411081344/tools/bin/../lib/gcc/arm-none-eabi/13.3.1/../../../../arm-none-eabi/lib/thumb/v7e-m+fp/hard\libc_nano.a
LOAD C:/ST/STM32CubeIDE_1.19.0/STM32CubeIDE/plugins/com.st.stm32cube.ide.mcu.externaltools.gnu-tools-for-stm32.13.3.rel1.win32_1.0.0.202411081344/tools/bin/../lib/gcc/arm-none-eabi/13.3.1/../../../../arm-none-eabi/lib/thumb/v7e-m+fp/hard\libnosys.a
END GROUP
START GROUP
LOAD C:/ST/STM32CubeIDE_1.19.0/STM32CubeIDE/plugins/com.st.stm32cube.ide.mcu.externaltools.gnu-tools-for-stm32.13.3.rel1.win32_1.0.0.202411081344/tools/bin/../lib/gcc/arm-none-eabi/13.3.1/thumb/v7e-m+fp/hard\libgcc.a
LOAD C:/ST/STM32CubeIDE_1.19.0/STM32CubeIDE/plugins/com.st.stm32cube.ide.mcu.externaltools.gnu-tools-for-stm32.13.3.rel1.win32_1.0.0.202411081344/tools/bin/../lib/gcc/arm-none-eabi/13.3.1/../../../../arm-none-eabi/lib/thumb/v7e-m+fp/hard\libc_nano.a
LOAD C:/ST/STM32CubeIDE_1.19.0/STM32CubeIDE/plugins/com.st.stm32cube.ide.mcu.externaltools.gnu-tools-for-stm32.13.3.rel1.win32_1.0.0.202411081344/tools/bin/../lib/gcc/arm-none-eabi/13.3.1/../../../../arm-none-eabi/lib/thumb/v7e-m+fp/hard\libnosys.a
END GROUP
LOAD C:/ST/STM32CubeIDE_1.19.0/STM32CubeIDE/plugins/com.st.stm32cube.ide.mcu.externaltools.gnu-tools-for-stm32.13.3.rel1.win32_1.0.0.202411081344/tools/bin/../lib/gcc/arm-none-eabi/13.3.1/thumb/v7e-m+fp/hard/crtend.o
LOAD C:/ST/STM32CubeIDE_1.19.0/STM32CubeIDE/plugins/com.st.stm32cube.ide.mcu.externaltools.gnu-tools-for-stm32.13.3.rel1.win32_1.0.0.202411081344/tools/bin/../lib/gcc/arm-none-eabi/13.3.1/thumb/v7e-m+fp/hard/crtn.o
                0x20020000                        _estack = (ORIGIN (RAM) + LENGTH (RAM))
                0x00000200                        _Min_Heap_Size = 0x200
                0x00000400                        _Min_Stack_Size = 0x400

.isr_vector     0x08000000      0x1c4
                0x08000000                        . = ALIGN (0x4)
 *(.isr_vector)
 .isr_vector    0x08000000      0x1c4 ./Core/Startup/startup_stm32f446retx.o
                0x08000000                g_pfnVectors
                0x080001c4                        . = ALIGN (0x4)

.text           0x080001c4     0x2bb8
                0x080001c4                        . = ALIGN (0x4)
 *(.text)
 .text          0x080001c4       0x40 C:/ST/STM32CubeIDE_1.19.0/STM32CubeIDE/plugins/com.st.stm32cube.ide.mcu.externaltools.gnu-tools-for-stm32.13.3.rel1.win32_1.0.0.202411081344/tools/bin/../lib/gcc/arm-none-eabi/13.3.1/thumb/v7e-m+fp/hard/crtbegin.o
 .text          0x08000204       0x30 C:/ST/STM32CubeIDE_1.19.0/STM32CubeIDE/plugins/com.st.stm32cube.ide.mcu.externaltools.gnu-tools-for-stm32.13.3.rel1.win32_1.0.0.202411081344/tools/bin/../lib/gcc/arm-none-eabi/13.3.1/thumb/v7e-m+fp/hard\libgcc.a(_aeabi_uldivmod.o)
                0x08000204                __aeabi_uldivmod
 .text          0x08000234      0x2f8 C:/ST/STM32CubeIDE_1.19.0/STM32CubeIDE/plugins/com.st.stm32cube.ide.mcu.externaltools.gnu-tools-for-stm32.13.3.rel1.win32_1.0.0.202411081344/tools/bin/../lib/gcc/arm-none-eabi/13.3.1/thumb/v7e-m+fp/hard\libgcc.a(_udivmoddi4.o)
                0x08000234                __udivmoddi4
 .text          0x0800052c        0x4 C:/ST/STM32CubeIDE_1.19.0/STM32CubeIDE/plugins/com.st.stm32cube.ide.mcu.externaltools.gnu-tools-for-stm32.13.3.rel1.win32_1.0.0.202411081344/tools/bin/../lib/gcc/arm-none-eabi/13.3.1/thumb/v7e-m+fp/hard\libgcc.a(_dvmd_tls.o)
                0x0800052c                __aeabi_idiv0
                0x0800052c                __aeabi_ldiv0
 *(.text*)
 .text.drawPixel
                0x08000530       0x26 ./Core/Src/GFX_FUNCTIONS.o
                0x08000530                drawPixel
 .text.fillRect
                0x08000556       0x38 ./Core/Src/GFX_FUNCTIONS.o
                0x08000556                fillRect
 .text.writePixel
                0x0800058e       0x2a ./Core/Src/GFX_FUNCTIONS.o
                0x0800058e                writePixel
 .text.writeLine
                0x080005b8      0x144 ./Core/Src/GFX_FUNCTIONS.o
                0x080005b8                writeLine
 .text.drawFastVLine
                0x080006fc       0x4a ./Core/Src/GFX_FUNCTIONS.o
                0x080006fc                drawFastVLine
 .text.drawCircle
                0x08000746      0x1d8 ./Core/Src/GFX_FUNCTIONS.o
                0x08000746                drawCircle
 .text.fillCircleHelper
                0x0800091e      0x19c ./Core/Src/GFX_FUNCTIONS.o
                0x0800091e                fillCircleHelper
 .text.fillCircle
                0x08000aba       0x60 ./Core/Src/GFX_FUNCTIONS.o
                0x08000aba                fillCircle
 *fill*         0x08000b1a        0x2 
 .text.fillScreen
                0x08000b1c       0x34 ./Core/Src/GFX_FUNCTIONS.o
                0x08000b1c                fillScreen
 .text.ST7735_Select
                0x08000b50       0x18 ./Core/Src/ST7735.o
                0x08000b50                ST7735_Select
 .text.ST7735_Unselect
                0x08000b68       0x18 ./Core/Src/ST7735.o
                0x08000b68                ST7735_Unselect
 .text.ST7735_Reset
                0x08000b80       0x28 ./Core/Src/ST7735.o
                0x08000b80                ST7735_Reset
 .text.ST7735_WriteCommand
                0x08000ba8       0x34 ./Core/Src/ST7735.o
                0x08000ba8                ST7735_WriteCommand
 .text.ST7735_WriteData
                0x08000bdc       0x38 ./Core/Src/ST7735.o
                0x08000bdc                ST7735_WriteData
 .text.DisplayInit
                0x08000c14       0x92 ./Core/Src/ST7735.o
                0x08000c14                DisplayInit
 *fill*         0x08000ca6        0x2 
 .text.ST7735_SetAddressWindow
                0x08000ca8       0x90 ./Core/Src/ST7735.o
                0x08000ca8                ST7735_SetAddressWindow
 .text.ST7735_Init
                0x08000d38       0x58 ./Core/Src/ST7735.o
                0x08000d38                ST7735_Init
 .text.ST7735_SetRotation
                0x08000d90      0x100 ./Core/Src/ST7735.o
                0x08000d90                ST7735_SetRotation
 .text.ST7735_DrawPixel
                0x08000e90       0x7c ./Core/Src/ST7735.o
                0x08000e90                ST7735_DrawPixel
 .text.ST7735_FillRectangle
                0x08000f0c      0x114 ./Core/Src/ST7735.o
                0x08000f0c                ST7735_FillRectangle
 .text.main     0x08001020       0x94 ./Core/Src/main.o
                0x08001020                main
 .text.SystemClock_Config
                0x080010b4       0xe4 ./Core/Src/main.o
                0x080010b4                SystemClock_Config
 .text.MX_SPI2_Init
                0x08001198       0x70 ./Core/Src/main.o
 .text.MX_GPIO_Init
                0x08001208      0x150 ./Core/Src/main.o
 .text.Error_Handler
                0x08001358        0xc ./Core/Src/main.o
                0x08001358                Error_Handler
 .text.HAL_MspInit
                0x08001364       0x50 ./Core/Src/stm32f4xx_hal_msp.o
                0x08001364                HAL_MspInit
 .text.HAL_SPI_MspInit
                0x080013b4       0xd0 ./Core/Src/stm32f4xx_hal_msp.o
                0x080013b4                HAL_SPI_MspInit
 .text.NMI_Handler
                0x08001484        0x8 ./Core/Src/stm32f4xx_it.o
                0x08001484                NMI_Handler
 .text.HardFault_Handler
                0x0800148c        0x8 ./Core/Src/stm32f4xx_it.o
                0x0800148c                HardFault_Handler
 .text.MemManage_Handler
                0x08001494        0x8 ./Core/Src/stm32f4xx_it.o
                0x08001494                MemManage_Handler
 .text.BusFault_Handler
                0x0800149c        0x8 ./Core/Src/stm32f4xx_it.o
                0x0800149c                BusFault_Handler
 .text.UsageFault_Handler
                0x080014a4        0x8 ./Core/Src/stm32f4xx_it.o
                0x080014a4                UsageFault_Handler
 .text.SVC_Handler
                0x080014ac        0xe ./Core/Src/stm32f4xx_it.o
                0x080014ac                SVC_Handler
 .text.DebugMon_Handler
                0x080014ba        0xe ./Core/Src/stm32f4xx_it.o
                0x080014ba                DebugMon_Handler
 .text.PendSV_Handler
                0x080014c8        0xe ./Core/Src/stm32f4xx_it.o
                0x080014c8                PendSV_Handler
 .text.SysTick_Handler
                0x080014d6        0xc ./Core/Src/stm32f4xx_it.o
                0x080014d6                SysTick_Handler
 *fill*         0x080014e2        0x2 
 .text.SystemInit
                0x080014e4       0x24 ./Core/Src/system_stm32f4xx.o
                0x080014e4                SystemInit
 .text.Reset_Handler
                0x08001508       0x50 ./Core/Startup/startup_stm32f446retx.o
                0x08001508                Reset_Handler
 .text.Default_Handler
                0x08001558        0x2 ./Core/Startup/startup_stm32f446retx.o
                0x08001558                RTC_Alarm_IRQHandler
                0x08001558                EXTI2_IRQHandler
                0x08001558                TIM8_CC_IRQHandler
                0x08001558                FMPI2C1_EV_IRQHandler
                0x08001558                SPI4_IRQHandler
                0x08001558                TIM1_CC_IRQHandler
                0x08001558                DMA2_Stream5_IRQHandler
                0x08001558                DMA1_Stream5_IRQHandler
                0x08001558                PVD_IRQHandler
                0x08001558                SDIO_IRQHandler
                0x08001558                TAMP_STAMP_IRQHandler
                0x08001558                CAN2_RX1_IRQHandler
                0x08001558                EXTI3_IRQHandler
                0x08001558                TIM8_TRG_COM_TIM14_IRQHandler
                0x08001558                TIM1_UP_TIM10_IRQHandler
                0x08001558                TIM8_UP_TIM13_IRQHandler
                0x08001558                I2C3_ER_IRQHandler
                0x08001558                EXTI0_IRQHandler
                0x08001558                I2C2_EV_IRQHandler
                0x08001558                DMA1_Stream2_IRQHandler
                0x08001558                CAN1_RX0_IRQHandler
                0x08001558                FPU_IRQHandler
                0x08001558                OTG_HS_WKUP_IRQHandler
                0x08001558                CAN2_SCE_IRQHandler
                0x08001558                DMA2_Stream2_IRQHandler
                0x08001558                SPI1_IRQHandler
                0x08001558                TIM6_DAC_IRQHandler
                0x08001558                TIM1_BRK_TIM9_IRQHandler
                0x08001558                DCMI_IRQHandler
                0x08001558                CAN2_RX0_IRQHandler
                0x08001558                DMA2_Stream3_IRQHandler
                0x08001558                SAI2_IRQHandler
                0x08001558                USART6_IRQHandler
                0x08001558                USART3_IRQHandler
                0x08001558                CAN1_RX1_IRQHandler
                0x08001558                UART5_IRQHandler
                0x08001558                DMA2_Stream0_IRQHandler
                0x08001558                TIM4_IRQHandler
                0x08001558                QUADSPI_IRQHandler
                0x08001558                I2C1_EV_IRQHandler
                0x08001558                DMA1_Stream6_IRQHandler
                0x08001558                DMA1_Stream1_IRQHandler
                0x08001558                UART4_IRQHandler
                0x08001558                TIM3_IRQHandler
                0x08001558                RCC_IRQHandler
                0x08001558                TIM8_BRK_TIM12_IRQHandler
                0x08001558                Default_Handler
                0x08001558                CEC_IRQHandler
                0x08001558                EXTI15_10_IRQHandler
                0x08001558                ADC_IRQHandler
                0x08001558                DMA1_Stream7_IRQHandler
                0x08001558                TIM7_IRQHandler
                0x08001558                CAN2_TX_IRQHandler
                0x08001558                TIM5_IRQHandler
                0x08001558                DMA2_Stream7_IRQHandler
                0x08001558                I2C3_EV_IRQHandler
                0x08001558                EXTI9_5_IRQHandler
                0x08001558                RTC_WKUP_IRQHandler
                0x08001558                SPDIF_RX_IRQHandler
                0x08001558                SPI2_IRQHandler
                0x08001558                OTG_HS_EP1_IN_IRQHandler
                0x08001558                DMA1_Stream0_IRQHandler
                0x08001558                CAN1_TX_IRQHandler
                0x08001558                FMPI2C1_ER_IRQHandler
                0x08001558                EXTI4_IRQHandler
                0x08001558                OTG_HS_EP1_OUT_IRQHandler
                0x08001558                WWDG_IRQHandler
                0x08001558                TIM2_IRQHandler
                0x08001558                OTG_FS_WKUP_IRQHandler
                0x08001558                TIM1_TRG_COM_TIM11_IRQHandler
                0x08001558                OTG_HS_IRQHandler
                0x08001558                EXTI1_IRQHandler
                0x08001558                USART2_IRQHandler
                0x08001558                I2C2_ER_IRQHandler
                0x08001558                DMA2_Stream1_IRQHandler
                0x08001558                CAN1_SCE_IRQHandler
                0x08001558                FLASH_IRQHandler
                0x08001558                DMA2_Stream4_IRQHandler
                0x08001558                USART1_IRQHandler
                0x08001558                OTG_FS_IRQHandler
                0x08001558                SPI3_IRQHandler
                0x08001558                DMA1_Stream4_IRQHandler
                0x08001558                I2C1_ER_IRQHandler
                0x08001558                FMC_IRQHandler
                0x08001558                DMA2_Stream6_IRQHandler
                0x08001558                SAI1_IRQHandler
                0x08001558                DMA1_Stream3_IRQHandler
 *fill*         0x0800155a        0x2 
 .text.HAL_Init
                0x0800155c       0x44 ./Drivers/STM32F4xx_HAL_Driver/Src/stm32f4xx_hal.o
                0x0800155c                HAL_Init
 .text.HAL_InitTick
                0x080015a0       0x60 ./Drivers/STM32F4xx_HAL_Driver/Src/stm32f4xx_hal.o
                0x080015a0                HAL_InitTick
 .text.HAL_IncTick
                0x08001600       0x28 ./Drivers/STM32F4xx_HAL_Driver/Src/stm32f4xx_hal.o
                0x08001600                HAL_IncTick
 .text.HAL_GetTick
                0x08001628       0x18 ./Drivers/STM32F4xx_HAL_Driver/Src/stm32f4xx_hal.o
                0x08001628                HAL_GetTick
 .text.HAL_Delay
                0x08001640       0x48 ./Drivers/STM32F4xx_HAL_Driver/Src/stm32f4xx_hal.o
                0x08001640                HAL_Delay
 .text.__NVIC_SetPriorityGrouping
                0x08001688       0x48 ./Drivers/STM32F4xx_HAL_Driver/Src/stm32f4xx_hal_cortex.o
 .text.__NVIC_GetPriorityGrouping
                0x080016d0       0x1c ./Drivers/STM32F4xx_HAL_Driver/Src/stm32f4xx_hal_cortex.o
 .text.__NVIC_SetPriority
                0x080016ec       0x54 ./Drivers/STM32F4xx_HAL_Driver/Src/stm32f4xx_hal_cortex.o
 .text.NVIC_EncodePriority
                0x08001740       0x66 ./Drivers/STM32F4xx_HAL_Driver/Src/stm32f4xx_hal_cortex.o
 *fill*         0x080017a6        0x2 
 .text.SysTick_Config
                0x080017a8       0x44 ./Drivers/STM32F4xx_HAL_Driver/Src/stm32f4xx_hal_cortex.o
 .text.HAL_NVIC_SetPriorityGrouping
                0x080017ec       0x16 ./Drivers/STM32F4xx_HAL_Driver/Src/stm32f4xx_hal_cortex.o
                0x080017ec                HAL_NVIC_SetPriorityGrouping
 .text.HAL_NVIC_SetPriority
                0x08001802       0x38 ./Drivers/STM32F4xx_HAL_Driver/Src/stm32f4xx_hal_cortex.o
                0x08001802                HAL_NVIC_SetPriority
 .text.HAL_SYSTICK_Config
                0x0800183a       0x18 ./Drivers/STM32F4xx_HAL_Driver/Src/stm32f4xx_hal_cortex.o
                0x0800183a                HAL_SYSTICK_Config
 *fill*         0x08001852        0x2 
 .text.HAL_GPIO_Init
                0x08001854      0x328 ./Drivers/STM32F4xx_HAL_Driver/Src/stm32f4xx_hal_gpio.o
                0x08001854                HAL_GPIO_Init
 .text.HAL_GPIO_WritePin
                0x08001b7c       0x32 ./Drivers/STM32F4xx_HAL_Driver/Src/stm32f4xx_hal_gpio.o
                0x08001b7c                HAL_GPIO_WritePin
 *fill*         0x08001bae        0x2 
 .text.HAL_PWREx_EnableOverDrive
                0x08001bb0       0xa0 ./Drivers/STM32F4xx_HAL_Driver/Src/stm32f4xx_hal_pwr_ex.o
                0x08001bb0                HAL_PWREx_EnableOverDrive
 .text.HAL_RCC_ClockConfig
                0x08001c50      0x1cc ./Drivers/STM32F4xx_HAL_Driver/Src/stm32f4xx_hal_rcc.o
                0x08001c50                HAL_RCC_ClockConfig
 .text.HAL_RCC_GetSysClockFreq
                0x08001e1c      0x460 ./Drivers/STM32F4xx_HAL_Driver/Src/stm32f4xx_hal_rcc_ex.o
                0x08001e1c                HAL_RCC_GetSysClockFreq
 .text.HAL_RCC_OscConfig
                0x0800227c      0x53c ./Drivers/STM32F4xx_HAL_Driver/Src/stm32f4xx_hal_rcc_ex.o
                0x0800227c                HAL_RCC_OscConfig
 .text.HAL_SPI_Init
                0x080027b8      0x112 ./Drivers/STM32F4xx_HAL_Driver/Src/stm32f4xx_hal_spi.o
                0x080027b8                HAL_SPI_Init
 .text.HAL_SPI_Transmit
                0x080028ca      0x288 ./Drivers/STM32F4xx_HAL_Driver/Src/stm32f4xx_hal_spi.o
                0x080028ca                HAL_SPI_Transmit
 *fill*         0x08002b52        0x2 
 .text.SPI_WaitFlagStateUntilTimeout
                0x08002b54      0x110 ./Drivers/STM32F4xx_HAL_Driver/Src/stm32f4xx_hal_spi.o
 .text.SPI_EndRxTxTransaction
                0x08002c64       0xa8 ./Drivers/STM32F4xx_HAL_Driver/Src/stm32f4xx_hal_spi.o
 .text.memset   0x08002d0c       0x10 C:/ST/STM32CubeIDE_1.19.0/STM32CubeIDE/plugins/com.st.stm32cube.ide.mcu.externaltools.gnu-tools-for-stm32.13.3.rel1.win32_1.0.0.202411081344/tools/bin/../lib/gcc/arm-none-eabi/13.3.1/../../../../arm-none-eabi/lib/thumb/v7e-m+fp/hard\libc_nano.a(libc_a-memset.o)
                0x08002d0c                memset
 .text.__libc_init_array
                0x08002d1c       0x48 C:/ST/STM32CubeIDE_1.19.0/STM32CubeIDE/plugins/com.st.stm32cube.ide.mcu.externaltools.gnu-tools-for-stm32.13.3.rel1.win32_1.0.0.202411081344/tools/bin/../lib/gcc/arm-none-eabi/13.3.1/../../../../arm-none-eabi/lib/thumb/v7e-m+fp/hard\libc_nano.a(libc_a-init.o)
                0x08002d1c                __libc_init_array
 *(.glue_7)
 .glue_7        0x08002d64        0x0 linker stubs
 *(.glue_7t)
 .glue_7t       0x08002d64        0x0 linker stubs
 *(.eh_frame)
 .eh_frame      0x08002d64        0x0 C:/ST/STM32CubeIDE_1.19.0/STM32CubeIDE/plugins/com.st.stm32cube.ide.mcu.externaltools.gnu-tools-for-stm32.13.3.rel1.win32_1.0.0.202411081344/tools/bin/../lib/gcc/arm-none-eabi/13.3.1/thumb/v7e-m+fp/hard/crtbegin.o
 *(.init)
 .init          0x08002d64        0x4 C:/ST/STM32CubeIDE_1.19.0/STM32CubeIDE/plugins/com.st.stm32cube.ide.mcu.externaltools.gnu-tools-for-stm32.13.3.rel1.win32_1.0.0.202411081344/tools/bin/../lib/gcc/arm-none-eabi/13.3.1/thumb/v7e-m+fp/hard/crti.o
                0x08002d64                _init
 .init          0x08002d68        0x8 C:/ST/STM32CubeIDE_1.19.0/STM32CubeIDE/plugins/com.st.stm32cube.ide.mcu.externaltools.gnu-tools-for-stm32.13.3.rel1.win32_1.0.0.202411081344/tools/bin/../lib/gcc/arm-none-eabi/13.3.1/thumb/v7e-m+fp/hard/crtn.o
 *(.fini)
 .fini          0x08002d70        0x4 C:/ST/STM32CubeIDE_1.19.0/STM32CubeIDE/plugins/com.st.stm32cube.ide.mcu.externaltools.gnu-tools-for-stm32.13.3.rel1.win32_1.0.0.202411081344/tools/bin/../lib/gcc/arm-none-eabi/13.3.1/thumb/v7e-m+fp/hard/crti.o
                0x08002d70                _fini
 .fini          0x08002d74        0x8 C:/ST/STM32CubeIDE_1.19.0/STM32CubeIDE/plugins/com.st.stm32cube.ide.mcu.externaltools.gnu-tools-for-stm32.13.3.rel1.win32_1.0.0.202411081344/tools/bin/../lib/gcc/arm-none-eabi/13.3.1/thumb/v7e-m+fp/hard/crtn.o
                0x08002d7c                        . = ALIGN (0x4)
                0x08002d7c                        _etext = .

.vfp11_veneer   0x08002d7c        0x0
 .vfp11_veneer  0x08002d7c        0x0 linker stubs

.v4_bx          0x08002d7c        0x0
 .v4_bx         0x08002d7c        0x0 linker stubs

.iplt           0x08002d7c        0x0
 .iplt          0x08002d7c        0x0 C:/ST/STM32CubeIDE_1.19.0/STM32CubeIDE/plugins/com.st.stm32cube.ide.mcu.externaltools.gnu-tools-for-stm32.13.3.rel1.win32_1.0.0.202411081344/tools/bin/../lib/gcc/arm-none-eabi/13.3.1/thumb/v7e-m+fp/hard/crtbegin.o

.rodata         0x08002d7c       0x84
                0x08002d7c                        . = ALIGN (0x4)
 *(.rodata)
 *(.rodata*)
 .rodata.init_cmds1
                0x08002d7c       0x38 ./Core/Src/ST7735.o
                0x08002d7c                init_cmds1
 .rodata.init_cmds2
                0x08002db4        0xd ./Core/Src/ST7735.o
                0x08002db4                init_cmds2
 *fill*         0x08002dc1        0x3 
 .rodata.init_cmds3
                0x08002dc4       0x2b ./Core/Src/ST7735.o
                0x08002dc4                init_cmds3
 *fill*         0x08002def        0x1 
 .rodata.AHBPrescTable
                0x08002df0       0x10 ./Core/Src/system_stm32f4xx.o
                0x08002df0                AHBPrescTable
                0x08002e00                        . = ALIGN (0x4)

.ARM.extab      0x08002e00        0x0
                0x08002e00                        . = ALIGN (0x4)
 *(.ARM.extab* .gnu.linkonce.armextab.*)
                0x08002e00                        . = ALIGN (0x4)

.ARM            0x08002e00        0x8
                0x08002e00                        . = ALIGN (0x4)
                0x08002e00                        __exidx_start = .
 *(.ARM.exidx*)
 .ARM.exidx     0x08002e00        0x8 C:/ST/STM32CubeIDE_1.19.0/STM32CubeIDE/plugins/com.st.stm32cube.ide.mcu.externaltools.gnu-tools-for-stm32.13.3.rel1.win32_1.0.0.202411081344/tools/bin/../lib/gcc/arm-none-eabi/13.3.1/thumb/v7e-m+fp/hard\libgcc.a(_udivmoddi4.o)
                0x08002e08                        __exidx_end = .
                0x08002e08                        . = ALIGN (0x4)

.preinit_array  0x08002e08        0x0
                0x08002e08                        . = ALIGN (0x4)
                0x08002e08                        PROVIDE (__preinit_array_start = .)
 *(.preinit_array*)
                0x08002e08                        PROVIDE (__preinit_array_end = .)
                0x08002e08                        . = ALIGN (0x4)

.init_array     0x08002e08        0x4
                0x08002e08                        . = ALIGN (0x4)
                0x08002e08                        PROVIDE (__init_array_start = .)
 *(SORT_BY_NAME(.init_array.*))
 *(.init_array*)
 .init_array    0x08002e08        0x4 C:/ST/STM32CubeIDE_1.19.0/STM32CubeIDE/plugins/com.st.stm32cube.ide.mcu.externaltools.gnu-tools-for-stm32.13.3.rel1.win32_1.0.0.202411081344/tools/bin/../lib/gcc/arm-none-eabi/13.3.1/thumb/v7e-m+fp/hard/crtbegin.o
                0x08002e0c                        PROVIDE (__init_array_end = .)
                0x08002e0c                        . = ALIGN (0x4)

.fini_array     0x08002e0c        0x4
                0x08002e0c                        . = ALIGN (0x4)
                [!provide]                        PROVIDE (__fini_array_start = .)
 *(SORT_BY_NAME(.fini_array.*))
 *(.fini_array*)
 .fini_array    0x08002e0c        0x4 C:/ST/STM32CubeIDE_1.19.0/STM32CubeIDE/plugins/com.st.stm32cube.ide.mcu.externaltools.gnu-tools-for-stm32.13.3.rel1.win32_1.0.0.202411081344/tools/bin/../lib/gcc/arm-none-eabi/13.3.1/thumb/v7e-m+fp/hard/crtbegin.o
                [!provide]                        PROVIDE (__fini_array_end = .)
                0x08002e10                        . = ALIGN (0x4)
                0x08002e10                        _sidata = LOADADDR (.data)

.rel.dyn        0x08002e10        0x0
 .rel.iplt      0x08002e10        0x0 C:/ST/STM32CubeIDE_1.19.0/STM32CubeIDE/plugins/com.st.stm32cube.ide.mcu.externaltools.gnu-tools-for-stm32.13.3.rel1.win32_1.0.0.202411081344/tools/bin/../lib/gcc/arm-none-eabi/13.3.1/thumb/v7e-m+fp/hard/crtbegin.o

.data           0x20000000        0xc load address 0x08002e10
                0x20000000                        . = ALIGN (0x4)
                0x20000000                        _sdata = .
 *(.data)
 *(.data*)
 .data.SystemCoreClock
                0x20000000        0x4 ./Core/Src/system_stm32f4xx.o
                0x20000000                SystemCoreClock
 .data.uwTickPrio
                0x20000004        0x4 ./Drivers/STM32F4xx_HAL_Driver/Src/stm32f4xx_hal.o
                0x20000004                uwTickPrio
 .data.uwTickFreq
                0x20000008        0x1 ./Drivers/STM32F4xx_HAL_Driver/Src/stm32f4xx_hal.o
                0x20000008                uwTickFreq
 *(.RamFunc)
 *(.RamFunc*)
                0x2000000c                        . = ALIGN (0x4)
 *fill*         0x20000009        0x3 
                0x2000000c                        _edata = .

.igot.plt       0x2000000c        0x0 load address 0x08002e1c
 .igot.plt      0x2000000c        0x0 C:/ST/STM32CubeIDE_1.19.0/STM32CubeIDE/plugins/com.st.stm32cube.ide.mcu.externaltools.gnu-tools-for-stm32.13.3.rel1.win32_1.0.0.202411081344/tools/bin/../lib/gcc/arm-none-eabi/13.3.1/thumb/v7e-m+fp/hard/crtbegin.o
                0x2000000c                        . = ALIGN (0x4)

.bss            0x2000000c       0x84 load address 0x08002e1c
                0x2000000c                        _sbss = .
                0x2000000c                        __bss_start__ = _sbss
 *(.bss)
 .bss           0x2000000c       0x1c C:/ST/STM32CubeIDE_1.19.0/STM32CubeIDE/plugins/com.st.stm32cube.ide.mcu.externaltools.gnu-tools-for-stm32.13.3.rel1.win32_1.0.0.202411081344/tools/bin/../lib/gcc/arm-none-eabi/13.3.1/thumb/v7e-m+fp/hard/crtbegin.o
 *(.bss*)
 .bss._width    0x20000028        0x2 ./Core/Src/ST7735.o
                0x20000028                _width
 .bss._height   0x2000002a        0x2 ./Core/Src/ST7735.o
                0x2000002a                _height
 .bss.rotation  0x2000002c        0x1 ./Core/Src/ST7735.o
                0x2000002c                rotation
 .bss._colstart
                0x2000002d        0x1 ./Core/Src/ST7735.o
                0x2000002d                _colstart
 .bss._rowstart
                0x2000002e        0x1 ./Core/Src/ST7735.o
                0x2000002e                _rowstart
 .bss._xstart   0x2000002f        0x1 ./Core/Src/ST7735.o
                0x2000002f                _xstart
 .bss._ystart   0x20000030        0x1 ./Core/Src/ST7735.o
                0x20000030                _ystart
 *fill*         0x20000031        0x3 
 .bss.hspi2     0x20000034       0x58 ./Core/Src/main.o
                0x20000034                hspi2
 .bss.uwTick    0x2000008c        0x4 ./Drivers/STM32F4xx_HAL_Driver/Src/stm32f4xx_hal.o
                0x2000008c                uwTick
 *(COMMON)
                0x20000090                        . = ALIGN (0x4)
                0x20000090                        _ebss = .
                0x20000090                        __bss_end__ = _ebss

._user_heap_stack
                0x20000090      0x600 load address 0x08002e1c
                0x20000090                        . = ALIGN (0x8)
                [!provide]                        PROVIDE (end = .)
                0x20000090                        PROVIDE (_end = .)
                0x20000290                        . = (. + _Min_Heap_Size)
 *fill*         0x20000090      0x200 
                0x20000690                        . = (. + _Min_Stack_Size)
 *fill*         0x20000290      0x400 
                0x20000690                        . = ALIGN (0x8)

/DISCARD/
 libc.a(*)
 libm.a(*)
 libgcc.a(*)

.ARM.attributes
                0x00000000       0x30
 *(.ARM.attributes)
 .ARM.attributes
                0x00000000       0x22 C:/ST/STM32CubeIDE_1.19.0/STM32CubeIDE/plugins/com.st.stm32cube.ide.mcu.externaltools.gnu-tools-for-stm32.13.3.rel1.win32_1.0.0.202411081344/tools/bin/../lib/gcc/arm-none-eabi/13.3.1/thumb/v7e-m+fp/hard/crti.o
 .ARM.attributes
                0x00000022       0x34 C:/ST/STM32CubeIDE_1.19.0/STM32CubeIDE/plugins/com.st.stm32cube.ide.mcu.externaltools.gnu-tools-for-stm32.13.3.rel1.win32_1.0.0.202411081344/tools/bin/../lib/gcc/arm-none-eabi/13.3.1/thumb/v7e-m+fp/hard/crtbegin.o
 .ARM.attributes
                0x00000056       0x34 ./Core/Src/GFX_FUNCTIONS.o
 .ARM.attributes
                0x0000008a       0x34 ./Core/Src/ST7735.o
 .ARM.attributes
                0x000000be       0x34 ./Core/Src/main.o
 .ARM.attributes
                0x000000f2       0x34 ./Core/Src/stm32f4xx_hal_msp.o
 .ARM.attributes
                0x00000126       0x34 ./Core/Src/stm32f4xx_it.o
 .ARM.attributes
                0x0000015a       0x34 ./Core/Src/system_stm32f4xx.o
 .ARM.attributes
                0x0000018e       0x21 ./Core/Startup/startup_stm32f446retx.o
 .ARM.attributes
                0x000001af       0x34 ./Drivers/STM32F4xx_HAL_Driver/Src/stm32f4xx_hal.o
 .ARM.attributes
                0x000001e3       0x34 ./Drivers/STM32F4xx_HAL_Driver/Src/stm32f4xx_hal_cortex.o
 .ARM.attributes
                0x00000217       0x34 ./Drivers/STM32F4xx_HAL_Driver/Src/stm32f4xx_hal_gpio.o
 .ARM.attributes
                0x0000024b       0x34 ./Drivers/STM32F4xx_HAL_Driver/Src/stm32f4xx_hal_pwr_ex.o
 .ARM.attributes
                0x0000027f       0x34 ./Drivers/STM32F4xx_HAL_Driver/Src/stm32f4xx_hal_rcc.o
 .ARM.attributes
                0x000002b3       0x34 ./Drivers/STM32F4xx_HAL_Driver/Src/stm32f4xx_hal_rcc_ex.o
 .ARM.attributes
                0x000002e7       0x34 ./Drivers/STM32F4xx_HAL_Driver/Src/stm32f4xx_hal_spi.o
 .ARM.attributes
                0x0000031b       0x34 C:/ST/STM32CubeIDE_1.19.0/STM32CubeIDE/plugins/com.st.stm32cube.ide.mcu.externaltools.gnu-tools-for-stm32.13.3.rel1.win32_1.0.0.202411081344/tools/bin/../lib/gcc/arm-none-eabi/13.3.1/../../../../arm-none-eabi/lib/thumb/v7e-m+fp/hard\libc_nano.a(libc_a-memset.o)
 .ARM.attributes
                0x0000034f       0x34 C:/ST/STM32CubeIDE_1.19.0/STM32CubeIDE/plugins/com.st.stm32cube.ide.mcu.externaltools.gnu-tools-for-stm32.13.3.rel1.win32_1.0.0.202411081344/tools/bin/../lib/gcc/arm-none-eabi/13.3.1/../../../../arm-none-eabi/lib/thumb/v7e-m+fp/hard\libc_nano.a(libc_a-init.o)
 .ARM.attributes
                0x00000383       0x22 C:/ST/STM32CubeIDE_1.19.0/STM32CubeIDE/plugins/com.st.stm32cube.ide.mcu.externaltools.gnu-tools-for-stm32.13.3.rel1.win32_1.0.0.202411081344/tools/bin/../lib/gcc/arm-none-eabi/13.3.1/thumb/v7e-m+fp/hard\libgcc.a(_aeabi_uldivmod.o)
 .ARM.attributes
                0x000003a5       0x34 C:/ST/STM32CubeIDE_1.19.0/STM32CubeIDE/plugins/com.st.stm32cube.ide.mcu.externaltools.gnu-tools-for-stm32.13.3.rel1.win32_1.0.0.202411081344/tools/bin/../lib/gcc/arm-none-eabi/13.3.1/thumb/v7e-m+fp/hard\libgcc.a(_udivmoddi4.o)
 .ARM.attributes
                0x000003d9       0x22 C:/ST/STM32CubeIDE_1.19.0/STM32CubeIDE/plugins/com.st.stm32cube.ide.mcu.externaltools.gnu-tools-for-stm32.13.3.rel1.win32_1.0.0.202411081344/tools/bin/../lib/gcc/arm-none-eabi/13.3.1/thumb/v7e-m+fp/hard\libgcc.a(_dvmd_tls.o)
 .ARM.attributes
                0x000003fb       0x22 C:/ST/STM32CubeIDE_1.19.0/STM32CubeIDE/plugins/com.st.stm32cube.ide.mcu.externaltools.gnu-tools-for-stm32.13.3.rel1.win32_1.0.0.202411081344/tools/bin/../lib/gcc/arm-none-eabi/13.3.1/thumb/v7e-m+fp/hard/crtn.o
OUTPUT(10LB.elf elf32-littlearm)
LOAD linker stubs
LOAD C:/ST/STM32CubeIDE_1.19.0/STM32CubeIDE/plugins/com.st.stm32cube.ide.mcu.externaltools.gnu-tools-for-stm32.13.3.rel1.win32_1.0.0.202411081344/tools/bin/../lib/gcc/arm-none-eabi/13.3.1/../../../../arm-none-eabi/lib/thumb/v7e-m+fp/hard\libc.a
LOAD C:/ST/STM32CubeIDE_1.19.0/STM32CubeIDE/plugins/com.st.stm32cube.ide.mcu.externaltools.gnu-tools-for-stm32.13.3.rel1.win32_1.0.0.202411081344/tools/bin/../lib/gcc/arm-none-eabi/13.3.1/../../../../arm-none-eabi/lib/thumb/v7e-m+fp/hard\libm.a
LOAD C:/ST/STM32CubeIDE_1.19.0/STM32CubeIDE/plugins/com.st.stm32cube.ide.mcu.externaltools.gnu-tools-for-stm32.13.3.rel1.win32_1.0.0.202411081344/tools/bin/../lib/gcc/arm-none-eabi/13.3.1/thumb/v7e-m+fp/hard\libgcc.a

.debug_info     0x00000000     0x8457
 .debug_info    0x00000000      0xe41 ./Core/Src/GFX_FUNCTIONS.o
 .debug_info    0x00000e41      0xc93 ./Core/Src/ST7735.o
 .debug_info    0x00001ad4      0xcd2 ./Core/Src/main.o
 .debug_info    0x000027a6      0x978 ./Core/Src/stm32f4xx_hal_msp.o
 .debug_info    0x0000311e      0x112 ./Core/Src/stm32f4xx_it.o
 .debug_info    0x00003230      0x54a ./Core/Src/system_stm32f4xx.o
 .debug_info    0x0000377a       0x30 ./Core/Startup/startup_stm32f446retx.o
 .debug_info    0x000037aa      0x99a ./Drivers/STM32F4xx_HAL_Driver/Src/stm32f4xx_hal.o
 .debug_info    0x00004144      0xdaa ./Drivers/STM32F4xx_HAL_Driver/Src/stm32f4xx_hal_cortex.o
 .debug_info    0x00004eee      0x70b ./Drivers/STM32F4xx_HAL_Driver/Src/stm32f4xx_hal_gpio.o
 .debug_info    0x000055f9      0x6da ./Drivers/STM32F4xx_HAL_Driver/Src/stm32f4xx_hal_pwr_ex.o
 .debug_info    0x00005cd3      0x8ff ./Drivers/STM32F4xx_HAL_Driver/Src/stm32f4xx_hal_rcc.o
 .debug_info    0x000065d2      0x960 ./Drivers/STM32F4xx_HAL_Driver/Src/stm32f4xx_hal_rcc_ex.o
 .debug_info    0x00006f32     0x1525 ./Drivers/STM32F4xx_HAL_Driver/Src/stm32f4xx_hal_spi.o

.debug_abbrev   0x00000000     0x1a17
 .debug_abbrev  0x00000000      0x1b0 ./Core/Src/GFX_FUNCTIONS.o
 .debug_abbrev  0x000001b0      0x273 ./Core/Src/ST7735.o
 .debug_abbrev  0x00000423      0x26a ./Core/Src/main.o
 .debug_abbrev  0x0000068d      0x1c3 ./Core/Src/stm32f4xx_hal_msp.o
 .debug_abbrev  0x00000850       0x73 ./Core/Src/stm32f4xx_it.o
 .debug_abbrev  0x000008c3      0x11a ./Core/Src/system_stm32f4xx.o
 .debug_abbrev  0x000009dd       0x24 ./Core/Startup/startup_stm32f446retx.o
 .debug_abbrev  0x00000a01      0x214 ./Drivers/STM32F4xx_HAL_Driver/Src/stm32f4xx_hal.o
 .debug_abbrev  0x00000c15      0x31d ./Drivers/STM32F4xx_HAL_Driver/Src/stm32f4xx_hal_cortex.o
 .debug_abbrev  0x00000f32      0x1d4 ./Drivers/STM32F4xx_HAL_Driver/Src/stm32f4xx_hal_gpio.o
 .debug_abbrev  0x00001106      0x1cf ./Drivers/STM32F4xx_HAL_Driver/Src/stm32f4xx_hal_pwr_ex.o
 .debug_abbrev  0x000012d5      0x2b7 ./Drivers/STM32F4xx_HAL_Driver/Src/stm32f4xx_hal_rcc.o
 .debug_abbrev  0x0000158c      0x211 ./Drivers/STM32F4xx_HAL_Driver/Src/stm32f4xx_hal_rcc_ex.o
 .debug_abbrev  0x0000179d      0x27a ./Drivers/STM32F4xx_HAL_Driver/Src/stm32f4xx_hal_spi.o

.debug_aranges  0x00000000      0x858
 .debug_aranges
                0x00000000      0x100 ./Core/Src/GFX_FUNCTIONS.o
 .debug_aranges
                0x00000100       0x90 ./Core/Src/ST7735.o
 .debug_aranges
                0x00000190       0x40 ./Core/Src/main.o
 .debug_aranges
                0x000001d0       0x30 ./Core/Src/stm32f4xx_hal_msp.o
 .debug_aranges
                0x00000200       0x60 ./Core/Src/stm32f4xx_it.o
 .debug_aranges
                0x00000260       0x28 ./Core/Src/system_stm32f4xx.o
 .debug_aranges
                0x00000288       0x28 ./Core/Startup/startup_stm32f446retx.o
 .debug_aranges
                0x000002b0       0xf0 ./Drivers/STM32F4xx_HAL_Driver/Src/stm32f4xx_hal.o
 .debug_aranges
                0x000003a0      0x130 ./Drivers/STM32F4xx_HAL_Driver/Src/stm32f4xx_hal_cortex.o
 .debug_aranges
                0x000004d0       0x58 ./Drivers/STM32F4xx_HAL_Driver/Src/stm32f4xx_hal_gpio.o
 .debug_aranges
                0x00000528       0x60 ./Drivers/STM32F4xx_HAL_Driver/Src/stm32f4xx_hal_pwr_ex.o
 .debug_aranges
                0x00000588       0x88 ./Drivers/STM32F4xx_HAL_Driver/Src/stm32f4xx_hal_rcc.o
 .debug_aranges
                0x00000610       0x78 ./Drivers/STM32F4xx_HAL_Driver/Src/stm32f4xx_hal_rcc_ex.o
 .debug_aranges
                0x00000688      0x1d0 ./Drivers/STM32F4xx_HAL_Driver/Src/stm32f4xx_hal_spi.o

.debug_rnglists
                0x00000000      0x647
 .debug_rnglists
                0x00000000       0xcd ./Core/Src/GFX_FUNCTIONS.o
 .debug_rnglists
                0x000000cd       0x6e ./Core/Src/ST7735.o
 .debug_rnglists
                0x0000013b       0x2e ./Core/Src/main.o
 .debug_rnglists
                0x00000169       0x20 ./Core/Src/stm32f4xx_hal_msp.o
 .debug_rnglists
                0x00000189       0x43 ./Core/Src/stm32f4xx_it.o
 .debug_rnglists
                0x000001cc       0x1a ./Core/Src/system_stm32f4xx.o
 .debug_rnglists
                0x000001e6       0x19 ./Core/Startup/startup_stm32f446retx.o
 .debug_rnglists
                0x000001ff       0xaf ./Drivers/STM32F4xx_HAL_Driver/Src/stm32f4xx_hal.o
 .debug_rnglists
                0x000002ae       0xe0 ./Drivers/STM32F4xx_HAL_Driver/Src/stm32f4xx_hal_cortex.o
 .debug_rnglists
                0x0000038e       0x3f ./Drivers/STM32F4xx_HAL_Driver/Src/stm32f4xx_hal_gpio.o
 .debug_rnglists
                0x000003cd       0x47 ./Drivers/STM32F4xx_HAL_Driver/Src/stm32f4xx_hal_pwr_ex.o
 .debug_rnglists
                0x00000414       0x66 ./Drivers/STM32F4xx_HAL_Driver/Src/stm32f4xx_hal_rcc.o
 .debug_rnglists
                0x0000047a       0x5e ./Drivers/STM32F4xx_HAL_Driver/Src/stm32f4xx_hal_rcc_ex.o
 .debug_rnglists
                0x000004d8      0x16f ./Drivers/STM32F4xx_HAL_Driver/Src/stm32f4xx_hal_spi.o

.debug_macro    0x00000000    0x211e1
 .debug_macro   0x00000000      0x2b4 ./Core/Src/GFX_FUNCTIONS.o
 .debug_macro   0x000002b4      0xad8 ./Core/Src/GFX_FUNCTIONS.o
 .debug_macro   0x00000d8c       0x22 ./Core/Src/GFX_FUNCTIONS.o
 .debug_macro   0x00000dae       0x8e ./Core/Src/GFX_FUNCTIONS.o
 .debug_macro   0x00000e3c       0x51 ./Core/Src/GFX_FUNCTIONS.o
 .debug_macro   0x00000e8d      0x103 ./Core/Src/GFX_FUNCTIONS.o
 .debug_macro   0x00000f90       0x6a ./Core/Src/GFX_FUNCTIONS.o
 .debug_macro   0x00000ffa      0x1df ./Core/Src/GFX_FUNCTIONS.o
 .debug_macro   0x000011d9      0x295 ./Core/Src/GFX_FUNCTIONS.o
 .debug_macro   0x0000146e       0x2e ./Core/Src/GFX_FUNCTIONS.o
 .debug_macro   0x0000149c       0x28 ./Core/Src/GFX_FUNCTIONS.o
 .debug_macro   0x000014c4       0x1c ./Core/Src/GFX_FUNCTIONS.o
 .debug_macro   0x000014e0       0x22 ./Core/Src/GFX_FUNCTIONS.o
 .debug_macro   0x00001502       0xfb ./Core/Src/GFX_FUNCTIONS.o
 .debug_macro   0x000015fd     0x1011 ./Core/Src/GFX_FUNCTIONS.o
 .debug_macro   0x0000260e      0x11f ./Core/Src/GFX_FUNCTIONS.o
 .debug_macro   0x0000272d    0x1675e ./Core/Src/GFX_FUNCTIONS.o
 .debug_macro   0x00018e8b       0x6d ./Core/Src/GFX_FUNCTIONS.o
 .debug_macro   0x00018ef8     0x3693 ./Core/Src/GFX_FUNCTIONS.o
 .debug_macro   0x0001c58b      0x190 ./Core/Src/GFX_FUNCTIONS.o
 .debug_macro   0x0001c71b       0x5c ./Core/Src/GFX_FUNCTIONS.o
 .debug_macro   0x0001c777      0xca5 ./Core/Src/GFX_FUNCTIONS.o
 .debug_macro   0x0001d41c      0x9e9 ./Core/Src/GFX_FUNCTIONS.o
 .debug_macro   0x0001de05      0x115 ./Core/Src/GFX_FUNCTIONS.o
 .debug_macro   0x0001df1a      0x1a0 ./Core/Src/GFX_FUNCTIONS.o
 .debug_macro   0x0001e0ba       0xa5 ./Core/Src/GFX_FUNCTIONS.o
 .debug_macro   0x0001e15f      0x16d ./Core/Src/GFX_FUNCTIONS.o
 .debug_macro   0x0001e2cc      0x287 ./Core/Src/GFX_FUNCTIONS.o
 .debug_macro   0x0001e553       0x5f ./Core/Src/GFX_FUNCTIONS.o
 .debug_macro   0x0001e5b2      0x236 ./Core/Src/GFX_FUNCTIONS.o
 .debug_macro   0x0001e7e8      0x132 ./Core/Src/GFX_FUNCTIONS.o
 .debug_macro   0x0001e91a      0x29c ./Core/Src/GFX_FUNCTIONS.o
 .debug_macro   0x0001ebb6       0x2e ./Core/Src/GFX_FUNCTIONS.o
 .debug_macro   0x0001ebe4      0x127 ./Core/Src/GFX_FUNCTIONS.o
 .debug_macro   0x0001ed0b       0xe8 ./Core/Src/GFX_FUNCTIONS.o
 .debug_macro   0x0001edf3       0x89 ./Core/Src/GFX_FUNCTIONS.o
 .debug_macro   0x0001ee7c      0x225 ./Core/Src/GFX_FUNCTIONS.o
 .debug_macro   0x0001f0a1      0x126 ./Core/Src/GFX_FUNCTIONS.o
 .debug_macro   0x0001f1c7       0x22 ./Core/Src/GFX_FUNCTIONS.o
 .debug_macro   0x0001f1e9      0x184 ./Core/Src/GFX_FUNCTIONS.o
 .debug_macro   0x0001f36d       0x2a ./Core/Src/GFX_FUNCTIONS.o
 .debug_macro   0x0001f397       0x61 ./Core/Src/GFX_FUNCTIONS.o
 .debug_macro   0x0001f3f8       0x43 ./Core/Src/GFX_FUNCTIONS.o
 .debug_macro   0x0001f43b       0x34 ./Core/Src/GFX_FUNCTIONS.o
 .debug_macro   0x0001f46f       0x16 ./Core/Src/GFX_FUNCTIONS.o
 .debug_macro   0x0001f485       0x3c ./Core/Src/GFX_FUNCTIONS.o
 .debug_macro   0x0001f4c1      0x370 ./Core/Src/GFX_FUNCTIONS.o
 .debug_macro   0x0001f831       0x16 ./Core/Src/GFX_FUNCTIONS.o
 .debug_macro   0x0001f847       0x4a ./Core/Src/GFX_FUNCTIONS.o
 .debug_macro   0x0001f891       0x34 ./Core/Src/GFX_FUNCTIONS.o
 .debug_macro   0x0001f8c5       0x10 ./Core/Src/GFX_FUNCTIONS.o
 .debug_macro   0x0001f8d5       0x58 ./Core/Src/GFX_FUNCTIONS.o
 .debug_macro   0x0001f92d       0x8e ./Core/Src/GFX_FUNCTIONS.o
 .debug_macro   0x0001f9bb       0x1c ./Core/Src/GFX_FUNCTIONS.o
 .debug_macro   0x0001f9d7      0x185 ./Core/Src/GFX_FUNCTIONS.o
 .debug_macro   0x0001fb5c       0x16 ./Core/Src/GFX_FUNCTIONS.o
 .debug_macro   0x0001fb72       0x29 ./Core/Src/GFX_FUNCTIONS.o
 .debug_macro   0x0001fb9b      0x1dc ./Core/Src/ST7735.o
 .debug_macro   0x0001fd77      0x1f5 ./Core/Src/main.o
 .debug_macro   0x0001ff6c       0x58 ./Core/Src/main.o
 .debug_macro   0x0001ffc4      0x1c9 ./Core/Src/stm32f4xx_hal_msp.o
 .debug_macro   0x0002018d      0x1d3 ./Core/Src/stm32f4xx_it.o
 .debug_macro   0x00020360      0x1ba ./Core/Src/system_stm32f4xx.o
 .debug_macro   0x0002051a      0x21a ./Drivers/STM32F4xx_HAL_Driver/Src/stm32f4xx_hal.o
 .debug_macro   0x00020734      0x1ba ./Drivers/STM32F4xx_HAL_Driver/Src/stm32f4xx_hal_cortex.o
 .debug_macro   0x000208ee      0x1c0 ./Drivers/STM32F4xx_HAL_Driver/Src/stm32f4xx_hal_gpio.o
 .debug_macro   0x00020aae      0x1d2 ./Drivers/STM32F4xx_HAL_Driver/Src/stm32f4xx_hal_pwr_ex.o
 .debug_macro   0x00020c80      0x1de ./Drivers/STM32F4xx_HAL_Driver/Src/stm32f4xx_hal_rcc.o
 .debug_macro   0x00020e5e      0x1ba ./Drivers/STM32F4xx_HAL_Driver/Src/stm32f4xx_hal_rcc_ex.o
 .debug_macro   0x00021018      0x1c9 ./Drivers/STM32F4xx_HAL_Driver/Src/stm32f4xx_hal_spi.o

.debug_line     0x00000000     0xa9f5
 .debug_line    0x00000000     0x13c8 ./Core/Src/GFX_FUNCTIONS.o
 .debug_line    0x000013c8      0xb11 ./Core/Src/ST7735.o
 .debug_line    0x00001ed9      0x8b4 ./Core/Src/main.o
 .debug_line    0x0000278d      0x774 ./Core/Src/stm32f4xx_hal_msp.o
 .debug_line    0x00002f01      0x7c3 ./Core/Src/stm32f4xx_it.o
 .debug_line    0x000036c4      0x78a ./Core/Src/system_stm32f4xx.o
 .debug_line    0x00003e4e       0x7a ./Core/Startup/startup_stm32f446retx.o
 .debug_line    0x00003ec8      0xa06 ./Drivers/STM32F4xx_HAL_Driver/Src/stm32f4xx_hal.o
 .debug_line    0x000048ce      0xcd6 ./Drivers/STM32F4xx_HAL_Driver/Src/stm32f4xx_hal_cortex.o
 .debug_line    0x000055a4      0xb4a ./Drivers/STM32F4xx_HAL_Driver/Src/stm32f4xx_hal_gpio.o
 .debug_line    0x000060ee      0x973 ./Drivers/STM32F4xx_HAL_Driver/Src/stm32f4xx_hal_pwr_ex.o
 .debug_line    0x00006a61      0xe21 ./Drivers/STM32F4xx_HAL_Driver/Src/stm32f4xx_hal_rcc.o
 .debug_line    0x00007882     0x14d2 ./Drivers/STM32F4xx_HAL_Driver/Src/stm32f4xx_hal_rcc_ex.o
 .debug_line    0x00008d54     0x1ca1 ./Drivers/STM32F4xx_HAL_Driver/Src/stm32f4xx_hal_spi.o

.debug_str      0x00000000    0xc7d01
 .debug_str     0x00000000    0xc7d01 ./Core/Src/GFX_FUNCTIONS.o
                              0xc56f8 (size before relaxing)
 .debug_str     0x000c7d01    0xc28d4 ./Core/Src/ST7735.o
 .debug_str     0x000c7d01    0xc2b82 ./Core/Src/main.o
 .debug_str     0x000c7d01    0xc2434 ./Core/Src/stm32f4xx_hal_msp.o
 .debug_str     0x000c7d01    0xc1e7d ./Core/Src/stm32f4xx_it.o
 .debug_str     0x000c7d01    0xc1ea6 ./Core/Src/system_stm32f4xx.o
 .debug_str     0x000c7d01       0x8c ./Core/Startup/startup_stm32f446retx.o
 .debug_str     0x000c7d01    0xc2a6b ./Drivers/STM32F4xx_HAL_Driver/Src/stm32f4xx_hal.o
 .debug_str     0x000c7d01    0xc27c2 ./Drivers/STM32F4xx_HAL_Driver/Src/stm32f4xx_hal_cortex.o
 .debug_str     0x000c7d01    0xc2021 ./Drivers/STM32F4xx_HAL_Driver/Src/stm32f4xx_hal_gpio.o
 .debug_str     0x000c7d01    0xc207e ./Drivers/STM32F4xx_HAL_Driver/Src/stm32f4xx_hal_pwr_ex.o
 .debug_str     0x000c7d01    0xc22df ./Drivers/STM32F4xx_HAL_Driver/Src/stm32f4xx_hal_rcc.o
 .debug_str     0x000c7d01    0xc2312 ./Drivers/STM32F4xx_HAL_Driver/Src/stm32f4xx_hal_rcc_ex.o
 .debug_str     0x000c7d01    0xc273f ./Drivers/STM32F4xx_HAL_Driver/Src/stm32f4xx_hal_spi.o

.comment        0x00000000       0x43
 .comment       0x00000000       0x43 ./Core/Src/GFX_FUNCTIONS.o
                                 0x44 (size before relaxing)
 .comment       0x00000043       0x44 ./Core/Src/ST7735.o
 .comment       0x00000043       0x44 ./Core/Src/main.o
 .comment       0x00000043       0x44 ./Core/Src/stm32f4xx_hal_msp.o
 .comment       0x00000043       0x44 ./Core/Src/stm32f4xx_it.o
 .comment       0x00000043       0x44 ./Core/Src/system_stm32f4xx.o
 .comment       0x00000043       0x44 ./Drivers/STM32F4xx_HAL_Driver/Src/stm32f4xx_hal.o
 .comment       0x00000043       0x44 ./Drivers/STM32F4xx_HAL_Driver/Src/stm32f4xx_hal_cortex.o
 .comment       0x00000043       0x44 ./Drivers/STM32F4xx_HAL_Driver/Src/stm32f4xx_hal_gpio.o
 .comment       0x00000043       0x44 ./Drivers/STM32F4xx_HAL_Driver/Src/stm32f4xx_hal_pwr_ex.o
 .comment       0x00000043       0x44 ./Drivers/STM32F4xx_HAL_Driver/Src/stm32f4xx_hal_rcc.o
 .comment       0x00000043       0x44 ./Drivers/STM32F4xx_HAL_Driver/Src/stm32f4xx_hal_rcc_ex.o
 .comment       0x00000043       0x44 ./Drivers/STM32F4xx_HAL_Driver/Src/stm32f4xx_hal_spi.o

.debug_frame    0x00000000     0x20fc
 .debug_frame   0x00000000      0x478 ./Core/Src/GFX_FUNCTIONS.o
 .debug_frame   0x00000478      0x23c ./Core/Src/ST7735.o
 .debug_frame   0x000006b4       0xac ./Core/Src/main.o
 .debug_frame   0x00000760       0x7c ./Core/Src/stm32f4xx_hal_msp.o
 .debug_frame   0x000007dc      0x104 ./Core/Src/stm32f4xx_it.o
 .debug_frame   0x000008e0       0x58 ./Core/Src/system_stm32f4xx.o
 .debug_frame   0x00000938      0x374 ./Drivers/STM32F4xx_HAL_Driver/Src/stm32f4xx_hal.o
 .debug_frame   0x00000cac      0x508 ./Drivers/STM32F4xx_HAL_Driver/Src/stm32f4xx_hal_cortex.o
 .debug_frame   0x000011b4      0x14c ./Drivers/STM32F4xx_HAL_Driver/Src/stm32f4xx_hal_gpio.o
 .debug_frame   0x00001300      0x14c ./Drivers/STM32F4xx_HAL_Driver/Src/stm32f4xx_hal_pwr_ex.o
 .debug_frame   0x0000144c      0x1f4 ./Drivers/STM32F4xx_HAL_Driver/Src/stm32f4xx_hal_rcc.o
 .debug_frame   0x00001640      0x1e8 ./Drivers/STM32F4xx_HAL_Driver/Src/stm32f4xx_hal_rcc_ex.o
 .debug_frame   0x00001828      0x828 ./Drivers/STM32F4xx_HAL_Driver/Src/stm32f4xx_hal_spi.o
 .debug_frame   0x00002050       0x20 C:/ST/STM32CubeIDE_1.19.0/STM32CubeIDE/plugins/com.st.stm32cube.ide.mcu.externaltools.gnu-tools-for-stm32.13.3.rel1.win32_1.0.0.202411081344/tools/bin/../lib/gcc/arm-none-eabi/13.3.1/../../../../arm-none-eabi/lib/thumb/v7e-m+fp/hard\libc_nano.a(libc_a-memset.o)
 .debug_frame   0x00002070       0x2c C:/ST/STM32CubeIDE_1.19.0/STM32CubeIDE/plugins/com.st.stm32cube.ide.mcu.externaltools.gnu-tools-for-stm32.13.3.rel1.win32_1.0.0.202411081344/tools/bin/../lib/gcc/arm-none-eabi/13.3.1/../../../../arm-none-eabi/lib/thumb/v7e-m+fp/hard\libc_nano.a(libc_a-init.o)
 .debug_frame   0x0000209c       0x2c C:/ST/STM32CubeIDE_1.19.0/STM32CubeIDE/plugins/com.st.stm32cube.ide.mcu.externaltools.gnu-tools-for-stm32.13.3.rel1.win32_1.0.0.202411081344/tools/bin/../lib/gcc/arm-none-eabi/13.3.1/thumb/v7e-m+fp/hard\libgcc.a(_aeabi_uldivmod.o)
 .debug_frame   0x000020c8       0x34 C:/ST/STM32CubeIDE_1.19.0/STM32CubeIDE/plugins/com.st.stm32cube.ide.mcu.externaltools.gnu-tools-for-stm32.13.3.rel1.win32_1.0.0.202411081344/tools/bin/../lib/gcc/arm-none-eabi/13.3.1/thumb/v7e-m+fp/hard\libgcc.a(_udivmoddi4.o)

.debug_line_str
                0x00000000       0x70
 .debug_line_str
                0x00000000       0x70 ./Core/Startup/startup_stm32f446retx.o
