../Core/Src/main.c:70:5:main	16	static
../Core/Src/main.c:131:6:SystemClock_Config	88	static
../Core/Src/main.c:179:13:MX_GPIO_Init	48	static
../Core/Src/main.c:263:6:Decode	16	static
../Core/Src/main.c:379:6:Multiplex	8	static
../Core/Src/main.c:422:6:GetSecondTick	8	static
../Core/Src/main.c:435:6:IncSec	8	static
../Core/Src/main.c:445:6:IncTSec	8	static
../Core/Src/main.c:455:6:IncMin	8	static
../Core/Src/main.c:465:6:IncTMin	8	static
../Core/Src/main.c:475:6:IncHour	8	static
../Core/Src/main.c:497:6:IncTHour	4	static
../Core/Src/main.c:507:6:HAL_GPIO_EXTI_Callback	16	static
../Core/Src/main.c:546:6:Error_Handler	4	static,ignoring_inline_asm
