../Core/Src/main.c:104:5:main	8	static
../Core/Src/main.c:160:6:SystemClock_Config	88	static
../Core/Src/main.c:208:13:MX_TIM3_Init	64	static
../Core/Src/main.c:267:13:MX_USART2_UART_Init	8	static
../Core/Src/main.c:300:13:MX_GPIO_Init	48	static
../Core/Src/main.c:338:6:PlayListInit	4	static
../Core/Src/main.c:405:6:PlayMainLoop	4	static
../Core/Src/main.c:433:6:PlayTimer1KHZ	4	static
../Core/Src/main.c:449:6:HAL_UART_RxCpltCallback	16	static
../Core/Src/main.c:478:6:Error_Handler	4	static,ignoring_inline_asm
