../Core/Src/main.c:183:5:main	8	static
../Core/Src/main.c:250:6:SystemClock_Config	88	static
../Core/Src/main.c:298:13:MX_ADC1_Init	24	static
../Core/Src/main.c:359:13:MX_DAC_Init	16	static
../Core/Src/main.c:399:13:MX_TIM7_Init	16	static
../Core/Src/main.c:437:13:MX_USART1_UART_Init	8	static
../Core/Src/main.c:470:13:MX_USART2_UART_Init	8	static
../Core/Src/main.c:501:13:MX_DMA_Init	16	static
../Core/Src/main.c:519:13:MX_GPIO_Init	48	static
../Core/Src/main.c:561:6:HAL_UART_TxCpltCallback	16	static
../Core/Src/main.c:577:6:HAL_UART_RxCpltCallback	16	static
../Core/Src/main.c:600:6:TFTSystemTimer	8	static
../Core/Src/main.c:615:6:TFTInit	8	static
../Core/Src/main.c:626:6:TFTRxMainLoop	16	static
../Core/Src/main.c:663:6:TFTRxISR	8	static
../Core/Src/main.c:714:6:TFTRxClear	4	static
../Core/Src/main.c:723:6:TFTTxReset	8	static
../Core/Src/main.c:730:6:TFTTxEndSend	16	static
../Core/Src/main.c:755:6:HAL_ADC_ConvCpltCallback	16	static
../Core/Src/main.c:765:6:ADCSystemTimer	4	static
../Core/Src/main.c:778:6:ADCStartMeasurement	8	static
../Core/Src/main.c:784:6:ADCMainLoop	72	static
../Core/Src/main.c:870:6:DACInit	8	static
../Core/Src/main.c:877:6:DACMainLoop	8	static
../Core/Src/main.c:889:6:GPIOInit	4	static
../Core/Src/main.c:895:6:GPIOMainLoop	8	static
../Core/Src/main.c:924:6:Error_Handler	4	static,ignoring_inline_asm
