Archive member included to satisfy reference by file (symbol)

C:/ST/STM32CubeIDE_1.19.0/STM32CubeIDE/plugins/com.st.stm32cube.ide.mcu.externaltools.gnu-tools-for-stm32.13.3.rel1.win32_1.0.0.202411081344/tools/bin/../lib/gcc/arm-none-eabi/13.3.1/../../../../arm-none-eabi/lib/thumb/v7e-m+fp/hard\libc_nano.a(libc_a-exit.o)
                              C:/ST/STM32CubeIDE_1.19.0/STM32CubeIDE/plugins/com.st.stm32cube.ide.mcu.externaltools.gnu-tools-for-stm32.13.3.rel1.win32_1.0.0.202411081344/tools/bin/../lib/gcc/arm-none-eabi/13.3.1/../../../../arm-none-eabi/lib/thumb/v7e-m+fp/hard/crt0.o (exit)
C:/ST/STM32CubeIDE_1.19.0/STM32CubeIDE/plugins/com.st.stm32cube.ide.mcu.externaltools.gnu-tools-for-stm32.13.3.rel1.win32_1.0.0.202411081344/tools/bin/../lib/gcc/arm-none-eabi/13.3.1/../../../../arm-none-eabi/lib/thumb/v7e-m+fp/hard\libc_nano.a(libc_a-findfp.o)
                              C:/ST/STM32CubeIDE_1.19.0/STM32CubeIDE/plugins/com.st.stm32cube.ide.mcu.externaltools.gnu-tools-for-stm32.13.3.rel1.win32_1.0.0.202411081344/tools/bin/../lib/gcc/arm-none-eabi/13.3.1/../../../../arm-none-eabi/lib/thumb/v7e-m+fp/hard\libc_nano.a(libc_a-exit.o) (__stdio_exit_handler)
C:/ST/STM32CubeIDE_1.19.0/STM32CubeIDE/plugins/com.st.stm32cube.ide.mcu.externaltools.gnu-tools-for-stm32.13.3.rel1.win32_1.0.0.202411081344/tools/bin/../lib/gcc/arm-none-eabi/13.3.1/../../../../arm-none-eabi/lib/thumb/v7e-m+fp/hard\libc_nano.a(libc_a-fwalk.o)
                              C:/ST/STM32CubeIDE_1.19.0/STM32CubeIDE/plugins/com.st.stm32cube.ide.mcu.externaltools.gnu-tools-for-stm32.13.3.rel1.win32_1.0.0.202411081344/tools/bin/../lib/gcc/arm-none-eabi/13.3.1/../../../../arm-none-eabi/lib/thumb/v7e-m+fp/hard\libc_nano.a(libc_a-findfp.o) (_fwalk_sglue)
C:/ST/STM32CubeIDE_1.19.0/STM32CubeIDE/plugins/com.st.stm32cube.ide.mcu.externaltools.gnu-tools-for-stm32.13.3.rel1.win32_1.0.0.202411081344/tools/bin/../lib/gcc/arm-none-eabi/13.3.1/../../../../arm-none-eabi/lib/thumb/v7e-m+fp/hard\libc_nano.a(libc_a-stdio.o)
                              C:/ST/STM32CubeIDE_1.19.0/STM32CubeIDE/plugins/com.st.stm32cube.ide.mcu.externaltools.gnu-tools-for-stm32.13.3.rel1.win32_1.0.0.202411081344/tools/bin/../lib/gcc/arm-none-eabi/13.3.1/../../../../arm-none-eabi/lib/thumb/v7e-m+fp/hard\libc_nano.a(libc_a-findfp.o) (__sread)
C:/ST/STM32CubeIDE_1.19.0/STM32CubeIDE/plugins/com.st.stm32cube.ide.mcu.externaltools.gnu-tools-for-stm32.13.3.rel1.win32_1.0.0.202411081344/tools/bin/../lib/gcc/arm-none-eabi/13.3.1/../../../../arm-none-eabi/lib/thumb/v7e-m+fp/hard\libc_nano.a(libc_a-memset.o)
                              C:/ST/STM32CubeIDE_1.19.0/STM32CubeIDE/plugins/com.st.stm32cube.ide.mcu.externaltools.gnu-tools-for-stm32.13.3.rel1.win32_1.0.0.202411081344/tools/bin/../lib/gcc/arm-none-eabi/13.3.1/../../../../arm-none-eabi/lib/thumb/v7e-m+fp/hard/crt0.o (memset)
C:/ST/STM32CubeIDE_1.19.0/STM32CubeIDE/plugins/com.st.stm32cube.ide.mcu.externaltools.gnu-tools-for-stm32.13.3.rel1.win32_1.0.0.202411081344/tools/bin/../lib/gcc/arm-none-eabi/13.3.1/../../../../arm-none-eabi/lib/thumb/v7e-m+fp/hard\libc_nano.a(libc_a-closer.o)
                              C:/ST/STM32CubeIDE_1.19.0/STM32CubeIDE/plugins/com.st.stm32cube.ide.mcu.externaltools.gnu-tools-for-stm32.13.3.rel1.win32_1.0.0.202411081344/tools/bin/../lib/gcc/arm-none-eabi/13.3.1/../../../../arm-none-eabi/lib/thumb/v7e-m+fp/hard\libc_nano.a(libc_a-stdio.o) (_close_r)
C:/ST/STM32CubeIDE_1.19.0/STM32CubeIDE/plugins/com.st.stm32cube.ide.mcu.externaltools.gnu-tools-for-stm32.13.3.rel1.win32_1.0.0.202411081344/tools/bin/../lib/gcc/arm-none-eabi/13.3.1/../../../../arm-none-eabi/lib/thumb/v7e-m+fp/hard\libc_nano.a(libc_a-reent.o)
                              C:/ST/STM32CubeIDE_1.19.0/STM32CubeIDE/plugins/com.st.stm32cube.ide.mcu.externaltools.gnu-tools-for-stm32.13.3.rel1.win32_1.0.0.202411081344/tools/bin/../lib/gcc/arm-none-eabi/13.3.1/../../../../arm-none-eabi/lib/thumb/v7e-m+fp/hard\libc_nano.a(libc_a-closer.o) (errno)
C:/ST/STM32CubeIDE_1.19.0/STM32CubeIDE/plugins/com.st.stm32cube.ide.mcu.externaltools.gnu-tools-for-stm32.13.3.rel1.win32_1.0.0.202411081344/tools/bin/../lib/gcc/arm-none-eabi/13.3.1/../../../../arm-none-eabi/lib/thumb/v7e-m+fp/hard\libc_nano.a(libc_a-impure.o)
                              C:/ST/STM32CubeIDE_1.19.0/STM32CubeIDE/plugins/com.st.stm32cube.ide.mcu.externaltools.gnu-tools-for-stm32.13.3.rel1.win32_1.0.0.202411081344/tools/bin/../lib/gcc/arm-none-eabi/13.3.1/../../../../arm-none-eabi/lib/thumb/v7e-m+fp/hard\libc_nano.a(libc_a-reent.o) (_impure_ptr)
C:/ST/STM32CubeIDE_1.19.0/STM32CubeIDE/plugins/com.st.stm32cube.ide.mcu.externaltools.gnu-tools-for-stm32.13.3.rel1.win32_1.0.0.202411081344/tools/bin/../lib/gcc/arm-none-eabi/13.3.1/../../../../arm-none-eabi/lib/thumb/v7e-m+fp/hard\libc_nano.a(libc_a-lseekr.o)
[...]
Memory Configuration

Name             Origin             Length             Attributes
RAM              0x20000000         0x00020000         xrw
FLASH            0x08000000         0x00080000         xr
*default*        0x00000000         0xffffffff

Linker script and memory map

LOAD C:/ST/STM32CubeIDE_1.19.0/STM32CubeIDE/plugins/com.st.stm32cube.ide.mcu.externaltools.gnu-tools-for-stm32.13.3.rel1.win32_1.0.0.202411081344/tools/bin/../lib/gcc/arm-none-eabi/13.3.1/thumb/v7e-m+fp/hard/crti.o
LOAD C:/ST/STM32CubeIDE_1.19.0/STM32CubeIDE/plugins/com.st.stm32cube.ide.mcu.externaltools.gnu-tools-for-stm32.13.3.rel1.win32_1.0.0.202411081344/tools/bin/../lib/gcc/arm-none-eabi/13.3.1/thumb/v7e-m+fp/hard/crtbegin.o
LOAD C:/ST/STM32CubeIDE_1.19.0/STM32CubeIDE/plugins/com.st.stm32cube.ide.mcu.externaltools.gnu-tools-for-stm32.13.3.rel1.win32_1.0.0.202411081344/tools/bin/../lib/gcc/arm-none-eabi/13.3.1/../../../../arm-none-eabi/lib/thumb/v7e-m+fp/hard/crt0.o
LOAD ./Core/Src/main.o
LOAD ./Core/Src/stm32f4xx_hal_msp.o
LOAD ./Core/Src/stm32f4xx_it.o
LOAD ./Core/Src/syscalls.o
LOAD ./Core/Src/sysmem.o
LOAD ./Core/Src/system_stm32f4xx.o
LOAD ./Core/Startup/startup_stm32f446retx.o
LOAD ./Drivers/STM32F4xx_HAL_Driver/Src/stm32f4xx_hal.o
LOAD ./Drivers/STM32F4xx_HAL_Driver/Src/stm32f4xx_hal_cortex.o
LOAD ./Drivers/STM32F4xx_HAL_Driver/Src/stm32f4xx_hal_dac.o
LOAD ./Drivers/STM32F4xx_HAL_Driver/Src/stm32f4xx_hal_dac_ex.o
LOAD ./Drivers/STM32F4xx_HAL_Driver/Src/stm32f4xx_hal_dma.o
LOAD ./Drivers/STM32F4xx_HAL_Driver/Src/stm32f4xx_hal_dma_ex.o
LOAD ./Drivers/STM32F4xx_HAL_Driver/Src/stm32f4xx_hal_exti.o
LOAD ./Drivers/STM32F4xx_HAL_Driver/Src/stm32f4xx_hal_flash.o
LOAD ./Drivers/STM32F4xx_HAL_Driver/Src/stm32f4xx_hal_flash_ex.o
LOAD ./Drivers/STM32F4xx_HAL_Driver/Src/stm32f4xx_hal_flash_ramfunc.o
LOAD ./Drivers/STM32F4xx_HAL_Driver/Src/stm32f4xx_hal_gpio.o
LOAD ./Drivers/STM32F4xx_HAL_Driver/Src/stm32f4xx_hal_pwr.o
LOAD ./Drivers/STM32F4xx_HAL_Driver/Src/stm32f4xx_hal_pwr_ex.o
LOAD ./Drivers/STM32F4xx_HAL_Driver/Src/stm32f4xx_hal_rcc.o
LOAD ./Drivers/STM32F4xx_HAL_Driver/Src/stm32f4xx_hal_rcc_ex.o
LOAD ./Drivers/STM32F4xx_HAL_Driver/Src/stm32f4xx_hal_tim.o
LOAD ./Drivers/STM32F4xx_HAL_Driver/Src/stm32f4xx_hal_tim_ex.o
LOAD ./Drivers/STM32F4xx_HAL_Driver/Src/stm32f4xx_hal_uart.o
START GROUP
LOAD C:/ST/STM32CubeIDE_1.19.0/STM32CubeIDE/plugins/com.st.stm32cube.ide.mcu.externaltools.gnu-tools-for-stm32.13.3.rel1.win32_1.0.0.202411081344/tools/bin/../lib/gcc/arm-none-eabi/13.3.1/../../../../arm-none-eabi/lib/thumb/v7e-m+fp/hard\libc_nano.a
LOAD C:/ST/STM32CubeIDE_1.19.0/STM32CubeIDE/plugins/com.st.stm32cube.ide.mcu.externaltools.gnu-tools-for-stm32.13.3.rel1.win32_1.0.0.202411081344/tools/bin/../lib/gcc/arm-none-eabi/13.3.1/../../../../arm-none-eabi/lib/thumb/v7e-m+fp/hard\libm.a
END GROUP
START GROUP
LOAD C:/ST/STM32CubeIDE_1.19.0/STM32CubeIDE/plugins/com.st.stm32cube.ide.mcu.externaltools.gnu-tools-for-stm32.13.3.rel1.win32_1.0.0.202411081344/tools/bin/../lib/gcc/arm-none-eabi/13.3.1/thumb/v7e-m+fp/hard\libgcc.a
LOAD C:/ST/STM32CubeIDE_1.19.0/STM32CubeIDE/plugins/com.st.stm32cube.ide.mcu.externaltools.gnu-tools-for-stm32.13.3.rel1.win32_1.0.0.202411081344/tools/bin/../lib/gcc/arm-none-eabi/13.3.1/../../../../arm-none-eabi/lib/thumb/v7e-m+fp/hard\libc_nano.a
END GROUP
START GROUP
LOAD C:/ST/STM32CubeIDE_1.19.0/STM32CubeIDE/plugins/com.st.stm32cube.ide.mcu.externaltools.gnu-tools-for-stm32.13.3.rel1.win32_1.0.0.202411081344/tools/bin/../lib/gcc/arm-none-eabi/13.3.1/thumb/v7e-m+fp/hard\libgcc.a
LOAD C:/ST/STM32CubeIDE_1.19.0/STM32CubeIDE/plugins/com.st.stm32cube.ide.mcu.externaltools.gnu-tools-for-stm32.13.3.rel1.win32_1.0.0.202411081344/tools/bin/../lib/gcc/arm-none-eabi/13.3.1/../../../../arm-none-eabi/lib/thumb/v7e-m+fp/hard\libc_nano.a
LOAD C:/ST/STM32CubeIDE_1.19.0/STM32CubeIDE/plugins/com.st.stm32cube.ide.mcu.externaltools.gnu-tools-for-stm32.13.3.rel1.win32_1.0.0.202411081344/tools/bin/../lib/gcc/arm-none-eabi/13.3.1/../../../../arm-none-eabi/lib/thumb/v7e-m+fp/hard\libnosys.a
END GROUP
START GROUP
LOAD C:/ST/STM32CubeIDE_1.19.0/STM32CubeIDE/plugins/com.st.stm32cube.ide.mcu.externaltools.gnu-tools-for-stm32.13.3.rel1.win32_1.0.0.202411081344/tools/bin/../lib/gcc/arm-none-eabi/13.3.1/thumb/v7e-m+fp/hard\libgcc.a
LOAD C:/ST/STM32CubeIDE_1.19.0/STM32CubeIDE/plugins/com.st.stm32cube.ide.mcu.externaltools.gnu-tools-for-stm32.13.3.rel1.win32_1.0.0.202411081344/tools/bin/../lib/gcc/arm-none-eabi/13.3.1/../../../../arm-none-eabi/lib/thumb/v7e-m+fp/hard\libc_nano.a
LOAD C:/ST/STM32CubeIDE_1.19.0/STM32CubeIDE/plugins/com.st.stm32cube.ide.mcu.externaltools.gnu-tools-for-stm32.13.3.rel1.win32_1.0.0.202411081344/tools/bin/../lib/gcc/arm-none-eabi/13.3.1/../../../../arm-none-eabi/lib/thumb/v7e-m+fp/hard\libnosys.a
END GROUP
LOAD C:/ST/STM32CubeIDE_1.19.0/STM32CubeIDE/plugins/com.st.stm32cube.ide.mcu.externaltools.gnu-tools-for-stm32.13.3.rel1.win32_1.0.0.202411081344/tools/bin/../lib/gcc/arm-none-eabi/13.3.1/thumb/v7e-m+fp/hard/crtend.o
LOAD C:/ST/STM32CubeIDE_1.19.0/STM32CubeIDE/plugins/com.st.stm32cube.ide.mcu.externaltools.gnu-tools-for-stm32.13.3.rel1.win32_1.0.0.202411081344/tools/bin/../lib/gcc/arm-none-eabi/13.3.1/thumb/v7e-m+fp/hard/crtn.o
                0x20020000                        _estack = (ORIGIN (RAM) + LENGTH (RAM))
                0x00000200                        _Min_Heap_Size = 0x200
                0x00000400                        _Min_Stack_Size = 0x400

.isr_vector     0x08000000      0x1c4
                0x08000000                        . = ALIGN (0x4)
 *(.isr_vector)
 .isr_vector    0x08000000      0x1c4 ./Core/Startup/startup_stm32f446retx.o
                0x08000000                g_pfnVectors
                0x080001c4                        . = ALIGN (0x4)

.text           0x080001c8     0x4e48
                0x080001c8                        . = ALIGN (0x4)
 *(.text)
 .text          0x080001c8       0x40 C:/ST/STM32CubeIDE_1.19.0/STM32CubeIDE/plugins/com.st.stm32cube.ide.mcu.externaltools.gnu-tools-for-stm32.13.3.rel1.win32_1.0.0.202411081344/tools/bin/../lib/gcc/arm-none-eabi/13.3.1/thumb/v7e-m+fp/hard/crtbegin.o
 .text          0x08000208      0x378 C:/ST/STM32CubeIDE_1.19.0/STM32CubeIDE/plugins/com.st.stm32cube.ide.mcu.externaltools.gnu-tools-for-stm32.13.3.rel1.win32_1.0.0.202411081344/tools/bin/../lib/gcc/arm-none-eabi/13.3.1/thumb/v7e-m+fp/hard\libgcc.a(_arm_addsubdf3.o)
                0x08000208                __aeabi_drsub
                0x08000210                __aeabi_dsub
                0x08000210                __subdf3
                0x08000214                __aeabi_dadd
                0x08000214                __adddf3
                0x0800048c                __floatunsidf
                0x0800048c                __aeabi_ui2d
                0x080004ac                __floatsidf
                0x080004ac                __aeabi_i2d
                0x080004d0                __aeabi_f2d
                0x080004d0                __extendsfdf2
                0x08000514                __floatundidf
                0x08000514                __aeabi_ul2d
                0x08000524                __floatdidf
                0x08000524                __aeabi_l2d
 .text          0x08000580      0x424 C:/ST/STM32CubeIDE_1.19.0/STM32CubeIDE/plugins/com.st.stm32cube.ide.mcu.externaltools.gnu-tools-for-stm32.13.3.rel1.win32_1.0.0.202411081344/tools/bin/../lib/gcc/arm-none-eabi/13.3.1/thumb/v7e-m+fp/hard\libgcc.a(_arm_muldivdf3.o)
                0x08000580                __aeabi_dmul
                0x08000580                __muldf3
                0x080007d4                __divdf3
                0x080007d4                __aeabi_ddiv
 .text          0x080009a4      0x110 C:/ST/STM32CubeIDE_1.19.0/STM32CubeIDE/plugins/com.st.stm32cube.ide.mcu.externaltools.gnu-tools-for-stm32.13.3.rel1.win32_1.0.0.202411081344/tools/bin/../lib/gcc/arm-none-eabi/13.3.1/thumb/v7e-m+fp/hard\libgcc.a(_arm_cmpdf2.o)
                0x080009a4                __gtdf2
                0x080009a4                __gedf2
                0x080009ac                __ltdf2
                0x080009ac                __ledf2
                0x080009b4                __nedf2
                0x080009b4                __eqdf2
                0x080009b4                __cmpdf2
                0x08000a30                __aeabi_cdrcmple
                0x08000a40                __aeabi_cdcmpeq
                0x08000a40                __aeabi_cdcmple
                0x08000a50                __aeabi_dcmpeq
                0x08000a64                __aeabi_dcmplt
                0x08000a78                __aeabi_dcmple
                0x08000a8c                __aeabi_dcmpge
                0x08000aa0                __aeabi_dcmpgt
 .text          0x08000ab4       0x50 C:/ST/STM32CubeIDE_1.19.0/STM32CubeIDE/plugins/com.st.stm32cube.ide.mcu.externaltools.gnu-tools-for-stm32.13.3.rel1.win32_1.0.0.202411081344/tools/bin/../lib/gcc/arm-none-eabi/13.3.1/thumb/v7e-m+fp/hard\libgcc.a(_arm_fixdfsi.o)
                0x08000ab4                __aeabi_d2iz
                0x08000ab4                __fixdfsi
 .text          0x08000b04       0x40 C:/ST/STM32CubeIDE_1.19.0/STM32CubeIDE/plugins/com.st.stm32cube.ide.mcu.externaltools.gnu-tools-for-stm32.13.3.rel1.win32_1.0.0.202411081344/tools/bin/../lib/gcc/arm-none-eabi/13.3.1/thumb/v7e-m+fp/hard\libgcc.a(_arm_fixunsdfsi.o)
                0x08000b04                __aeabi_d2uiz
                0x08000b04                __fixunsdfsi
 .text          0x08000b44       0x30 C:/ST/STM32CubeIDE_1.19.0/STM32CubeIDE/plugins/com.st.stm32cube.ide.mcu.externaltools.gnu-tools-for-stm32.13.3.rel1.win32_1.0.0.202411081344/tools/bin/../lib/gcc/arm-none-eabi/13.3.1/thumb/v7e-m+fp/hard\libgcc.a(_aeabi_uldivmod.o)
                0x08000b44                __aeabi_uldivmod
 .text          0x08000b74      0x2f8 C:/ST/STM32CubeIDE_1.19.0/STM32CubeIDE/plugins/com.st.stm32cube.ide.mcu.externaltools.gnu-tools-for-stm32.13.3.rel1.win32_1.0.0.202411081344/tools/bin/../lib/gcc/arm-none-eabi/13.3.1/thumb/v7e-m+fp/hard\libgcc.a(_udivmoddi4.o)
                0x08000b74                __udivmoddi4
 .text          0x08000e6c        0x4 C:/ST/STM32CubeIDE_1.19.0/STM32CubeIDE/plugins/com.st.stm32cube.ide.mcu.externaltools.gnu-tools-for-stm32.13.3.rel1.win32_1.0.0.202411081344/tools/bin/../lib/gcc/arm-none-eabi/13.3.1/thumb/v7e-m+fp/hard\libgcc.a(_dvmd_tls.o)
                0x08000e6c                __aeabi_idiv0
                0x08000e6c                __aeabi_ldiv0
 *(.text*)
 .text.main     0x08000e70      0x12c ./Core/Src/main.o
                0x08000e70                main
 .text.SystemClock_Config
                0x08000f9c       0xdc ./Core/Src/main.o
                0x08000f9c                SystemClock_Config
 .text.MX_DAC_Init
                0x08001078       0x54 ./Core/Src/main.o
 .text.MX_TIM7_Init
                0x080010cc       0x68 ./Core/Src/main.o
 .text.MX_USART2_UART_Init
                0x08001134       0x54 ./Core/Src/main.o
 .text.MX_GPIO_Init
                0x08001188       0xdc ./Core/Src/main.o
 .text.HAL_TIM_PeriodElapsedCallback
                0x08001264       0x50 ./Core/Src/main.o
                0x08001264                HAL_TIM_PeriodElapsedCallback
 .text.Error_Handler
                0x080012b4        0xc ./Core/Src/main.o
                0x080012b4                Error_Handler
 .text.HAL_MspInit
                0x080012c0       0x50 ./Core/Src/stm32f4xx_hal_msp.o
                0x080012c0                HAL_MspInit
 .text.HAL_DAC_MspInit
                0x08001310       0x88 ./Core/Src/stm32f4xx_hal_msp.o
                0x08001310                HAL_DAC_MspInit
 .text.HAL_TIM_Base_MspInit
                0x08001398       0x50 ./Core/Src/stm32f4xx_hal_msp.o
                0x08001398                HAL_TIM_Base_MspInit
 .text.HAL_UART_MspInit
                0x080013e8       0xa0 ./Core/Src/stm32f4xx_hal_msp.o
                0x080013e8                HAL_UART_MspInit
 .text.NMI_Handler
                0x08001488        0x8 ./Core/Src/stm32f4xx_it.o
                0x08001488                NMI_Handler
 .text.HardFault_Handler
                0x08001490        0x8 ./Core/Src/stm32f4xx_it.o
                0x08001490                HardFault_Handler
 .text.MemManage_Handler
                0x08001498        0x8 ./Core/Src/stm32f4xx_it.o
                0x08001498                MemManage_Handler
 .text.BusFault_Handler
                0x080014a0        0x8 ./Core/Src/stm32f4xx_it.o
                0x080014a0                BusFault_Handler
 .text.UsageFault_Handler
                0x080014a8        0x8 ./Core/Src/stm32f4xx_it.o
                0x080014a8                UsageFault_Handler
 .text.SVC_Handler
                0x080014b0        0xe ./Core/Src/stm32f4xx_it.o
                0x080014b0                SVC_Handler
 .text.DebugMon_Handler
                0x080014be        0xe ./Core/Src/stm32f4xx_it.o
                0x080014be                DebugMon_Handler
 .text.PendSV_Handler
                0x080014cc        0xe ./Core/Src/stm32f4xx_it.o
                0x080014cc                PendSV_Handler
 .text.SysTick_Handler
                0x080014da        0xc ./Core/Src/stm32f4xx_it.o
                0x080014da                SysTick_Handler
 *fill*         0x080014e6        0x2 
 .text.USART2_IRQHandler
                0x080014e8       0x14 ./Core/Src/stm32f4xx_it.o
                0x080014e8                USART2_IRQHandler
 .text.TIM7_IRQHandler
                0x080014fc       0x14 ./Core/Src/stm32f4xx_it.o
                0x080014fc                TIM7_IRQHandler
 .text.SystemInit
                0x08001510       0x24 ./Core/Src/system_stm32f4xx.o
                0x08001510                SystemInit
 .text.Reset_Handler
                0x08001534       0x50 ./Core/Startup/startup_stm32f446retx.o
                0x08001534                Reset_Handler
 .text.Default_Handler
                0x08001584        0x2 ./Core/Startup/startup_stm32f446retx.o
                0x08001584                RTC_Alarm_IRQHandler
                0x08001584                EXTI2_IRQHandler
                0x08001584                TIM8_CC_IRQHandler
                0x08001584                FMPI2C1_EV_IRQHandler
                0x08001584                SPI4_IRQHandler
                0x08001584                TIM1_CC_IRQHandler
                0x08001584                DMA2_Stream5_IRQHandler
                0x08001584                DMA1_Stream5_IRQHandler
                0x08001584                PVD_IRQHandler
                0x08001584                SDIO_IRQHandler
                0x08001584                TAMP_STAMP_IRQHandler
                0x08001584                CAN2_RX1_IRQHandler
                0x08001584                EXTI3_IRQHandler
                0x08001584                TIM8_TRG_COM_TIM14_IRQHandler
                0x08001584                TIM1_UP_TIM10_IRQHandler
                0x08001584                TIM8_UP_TIM13_IRQHandler
                0x08001584                I2C3_ER_IRQHandler
                0x08001584                EXTI0_IRQHandler
                0x08001584                I2C2_EV_IRQHandler
                0x08001584                DMA1_Stream2_IRQHandler
                0x08001584                CAN1_RX0_IRQHandler
                0x08001584                FPU_IRQHandler
                0x08001584                OTG_HS_WKUP_IRQHandler
                0x08001584                CAN2_SCE_IRQHandler
                0x08001584                DMA2_Stream2_IRQHandler
                0x08001584                SPI1_IRQHandler
                0x08001584                TIM6_DAC_IRQHandler
                0x08001584                TIM1_BRK_TIM9_IRQHandler
                0x08001584                DCMI_IRQHandler
                0x08001584                CAN2_RX0_IRQHandler
                0x08001584                DMA2_Stream3_IRQHandler
                0x08001584                SAI2_IRQHandler
                0x08001584                USART6_IRQHandler
                0x08001584                USART3_IRQHandler
                0x08001584                CAN1_RX1_IRQHandler
                0x08001584                UART5_IRQHandler
                0x08001584                DMA2_Stream0_IRQHandler
                0x08001584                TIM4_IRQHandler
                0x08001584                QUADSPI_IRQHandler
                0x08001584                I2C1_EV_IRQHandler
                0x08001584                DMA1_Stream6_IRQHandler
                0x08001584                DMA1_Stream1_IRQHandler
                0x08001584                UART4_IRQHandler
                0x08001584                TIM3_IRQHandler
                0x08001584                RCC_IRQHandler
                0x08001584                TIM8_BRK_TIM12_IRQHandler
                0x08001584                Default_Handler
                0x08001584                CEC_IRQHandler
                0x08001584                EXTI15_10_IRQHandler
                0x08001584                ADC_IRQHandler
                0x08001584                DMA1_Stream7_IRQHandler
                0x08001584                CAN2_TX_IRQHandler
                0x08001584                TIM5_IRQHandler
                0x08001584                DMA2_Stream7_IRQHandler
                0x08001584                I2C3_EV_IRQHandler
                0x08001584                EXTI9_5_IRQHandler
                0x08001584                RTC_WKUP_IRQHandler
                0x08001584                SPDIF_RX_IRQHandler
                0x08001584                SPI2_IRQHandler
                0x08001584                OTG_HS_EP1_IN_IRQHandler
                0x08001584                DMA1_Stream0_IRQHandler
                0x08001584                CAN1_TX_IRQHandler
                0x08001584                FMPI2C1_ER_IRQHandler
                0x08001584                EXTI4_IRQHandler
                0x08001584                OTG_HS_EP1_OUT_IRQHandler
                0x08001584                WWDG_IRQHandler
                0x08001584                TIM2_IRQHandler
                0x08001584                OTG_FS_WKUP_IRQHandler
                0x08001584                TIM1_TRG_COM_TIM11_IRQHandler
                0x08001584                OTG_HS_IRQHandler
                0x08001584                EXTI1_IRQHandler
                0x08001584                I2C2_ER_IRQHandler
                0x08001584                DMA2_Stream1_IRQHandler
                0x08001584                CAN1_SCE_IRQHandler
                0x08001584                FLASH_IRQHandler
                0x08001584                DMA2_Stream4_IRQHandler
                0x08001584                USART1_IRQHandler
                0x08001584                OTG_FS_IRQHandler
                0x08001584                SPI3_IRQHandler
                0x08001584                DMA1_Stream4_IRQHandler
                0x08001584                I2C1_ER_IRQHandler
                0x08001584                FMC_IRQHandler
                0x08001584                DMA2_Stream6_IRQHandler
                0x08001584                SAI1_IRQHandler
                0x08001584                DMA1_Stream3_IRQHandler
 *fill*         0x08001586        0x2 
 .text.HAL_Init
                0x08001588       0x44 ./Drivers/STM32F4xx_HAL_Driver/Src/stm32f4xx_hal.o
                0x08001588                HAL_Init
 .text.HAL_InitTick
                0x080015cc       0x60 ./Drivers/STM32F4xx_HAL_Driver/Src/stm32f4xx_hal.o
                0x080015cc                HAL_InitTick
 .text.HAL_IncTick
                0x0800162c       0x28 ./Drivers/STM32F4xx_HAL_Driver/Src/stm32f4xx_hal.o
                0x0800162c                HAL_IncTick
 .text.HAL_GetTick
                0x08001654       0x18 ./Drivers/STM32F4xx_HAL_Driver/Src/stm32f4xx_hal.o
                0x08001654                HAL_GetTick
 .text.__NVIC_SetPriorityGrouping
                0x0800166c       0x48 ./Drivers/STM32F4xx_HAL_Driver/Src/stm32f4xx_hal_cortex.o
 .text.__NVIC_GetPriorityGrouping
                0x080016b4       0x1c ./Drivers/STM32F4xx_HAL_Driver/Src/stm32f4xx_hal_cortex.o
 .text.__NVIC_EnableIRQ
                0x080016d0       0x3c ./Drivers/STM32F4xx_HAL_Driver/Src/stm32f4xx_hal_cortex.o
 .text.__NVIC_SetPriority
                0x0800170c       0x54 ./Drivers/STM32F4xx_HAL_Driver/Src/stm32f4xx_hal_cortex.o
 .text.NVIC_EncodePriority
                0x08001760       0x66 ./Drivers/STM32F4xx_HAL_Driver/Src/stm32f4xx_hal_cortex.o
 *fill*         0x080017c6        0x2 
 .text.SysTick_Config
                0x080017c8       0x44 ./Drivers/STM32F4xx_HAL_Driver/Src/stm32f4xx_hal_cortex.o
 .text.HAL_NVIC_SetPriorityGrouping
                0x0800180c       0x16 ./Drivers/STM32F4xx_HAL_Driver/Src/stm32f4xx_hal_cortex.o
                0x0800180c                HAL_NVIC_SetPriorityGrouping
 .text.HAL_NVIC_SetPriority
                0x08001822       0x38 ./Drivers/STM32F4xx_HAL_Driver/Src/stm32f4xx_hal_cortex.o
                0x08001822                HAL_NVIC_SetPriority
 .text.HAL_NVIC_EnableIRQ
                0x0800185a       0x1c ./Drivers/STM32F4xx_HAL_Driver/Src/stm32f4xx_hal_cortex.o
                0x0800185a                HAL_NVIC_EnableIRQ
 .text.HAL_SYSTICK_Config
                0x08001876       0x18 ./Drivers/STM32F4xx_HAL_Driver/Src/stm32f4xx_hal_cortex.o
                0x08001876                HAL_SYSTICK_Config
 .text.HAL_DAC_Init
                0x0800188e       0x44 ./Drivers/STM32F4xx_HAL_Driver/Src/stm32f4xx_hal_dac.o
                0x0800188e                HAL_DAC_Init
 .text.HAL_DAC_Start
                0x080018d2       0xae ./Drivers/STM32F4xx_HAL_Driver/Src/stm32f4xx_hal_dac.o
                0x080018d2                HAL_DAC_Start
 .text.HAL_DAC_SetValue
                0x08001980       0x54 ./Drivers/STM32F4xx_HAL_Driver/Src/stm32f4xx_hal_dac.o
                0x08001980                HAL_DAC_SetValue
 .text.HAL_DAC_ConfigChannel
                0x080019d4       0xb2 ./Drivers/STM32F4xx_HAL_Driver/Src/stm32f4xx_hal_dac.o
                0x080019d4                HAL_DAC_ConfigChannel
 .text.HAL_DMA_Abort
                0x08001a86       0xe0 ./Drivers/STM32F4xx_HAL_Driver/Src/stm32f4xx_hal_dma.o
                0x08001a86                HAL_DMA_Abort
 .text.HAL_DMA_Abort_IT
                0x08001b66       0x44 ./Drivers/STM32F4xx_HAL_Driver/Src/stm32f4xx_hal_dma.o
                0x08001b66                HAL_DMA_Abort_IT
 *fill*         0x08001baa        0x2 
 .text.HAL_GPIO_Init
                0x08001bac      0x328 ./Drivers/STM32F4xx_HAL_Driver/Src/stm32f4xx_hal_gpio.o
                0x08001bac                HAL_GPIO_Init
 .text.HAL_GPIO_WritePin
                0x08001ed4       0x32 ./Drivers/STM32F4xx_HAL_Driver/Src/stm32f4xx_hal_gpio.o
                0x08001ed4                HAL_GPIO_WritePin
 *fill*         0x08001f06        0x2 
 .text.HAL_RCC_ClockConfig
                0x08001f08      0x1cc ./Drivers/STM32F4xx_HAL_Driver/Src/stm32f4xx_hal_rcc.o
                0x08001f08                HAL_RCC_ClockConfig
 .text.HAL_RCC_GetHCLKFreq
                0x080020d4       0x18 ./Drivers/STM32F4xx_HAL_Driver/Src/stm32f4xx_hal_rcc.o
                0x080020d4                HAL_RCC_GetHCLKFreq
 .text.HAL_RCC_GetPCLK1Freq
                0x080020ec       0x28 ./Drivers/STM32F4xx_HAL_Driver/Src/stm32f4xx_hal_rcc.o
                0x080020ec                HAL_RCC_GetPCLK1Freq
 .text.HAL_RCC_GetPCLK2Freq
                0x08002114       0x28 ./Drivers/STM32F4xx_HAL_Driver/Src/stm32f4xx_hal_rcc.o
                0x08002114                HAL_RCC_GetPCLK2Freq
 .text.HAL_RCC_GetSysClockFreq
                0x0800213c      0x460 ./Drivers/STM32F4xx_HAL_Driver/Src/stm32f4xx_hal_rcc_ex.o
                0x0800213c                HAL_RCC_GetSysClockFreq
 .text.HAL_RCC_OscConfig
                0x0800259c      0x53c ./Drivers/STM32F4xx_HAL_Driver/Src/stm32f4xx_hal_rcc_ex.o
                0x0800259c                HAL_RCC_OscConfig
 .text.HAL_TIM_Base_Init
                0x08002ad8       0x9e ./Drivers/STM32F4xx_HAL_Driver/Src/stm32f4xx_hal_tim.o
                0x08002ad8                HAL_TIM_Base_Init
 *fill*         0x08002b76        0x2 
 .text.HAL_TIM_Base_Start_IT
                0x08002b78       0xe0 ./Drivers/STM32F4xx_HAL_Driver/Src/stm32f4xx_hal_tim.o
                0x08002b78                HAL_TIM_Base_Start_IT
 .text.HAL_TIM_IRQHandler
                0x08002c58      0x1e0 ./Drivers/STM32F4xx_HAL_Driver/Src/stm32f4xx_hal_tim.o
                0x08002c58                HAL_TIM_IRQHandler
 .text.HAL_TIM_OC_DelayElapsedCallback
                0x08002e38       0x14 ./Drivers/STM32F4xx_HAL_Driver/Src/stm32f4xx_hal_tim.o
                0x08002e38                HAL_TIM_OC_DelayElapsedCallback
 .text.HAL_TIM_IC_CaptureCallback
                0x08002e4c       0x14 ./Drivers/STM32F4xx_HAL_Driver/Src/stm32f4xx_hal_tim.o
                0x08002e4c                HAL_TIM_IC_CaptureCallback
 .text.HAL_TIM_PWM_PulseFinishedCallback
                0x08002e60       0x14 ./Drivers/STM32F4xx_HAL_Driver/Src/stm32f4xx_hal_tim.o
                0x08002e60                HAL_TIM_PWM_PulseFinishedCallback
 .text.HAL_TIM_TriggerCallback
                0x08002e74       0x14 ./Drivers/STM32F4xx_HAL_Driver/Src/stm32f4xx_hal_tim.o
                0x08002e74                HAL_TIM_TriggerCallback
 .text.TIM_Base_SetConfig
                0x08002e88      0x14c ./Drivers/STM32F4xx_HAL_Driver/Src/stm32f4xx_hal_tim.o
                0x08002e88                TIM_Base_SetConfig
 .text.HAL_TIMEx_MasterConfigSynchronization
                0x08002fd4       0xf8 ./Drivers/STM32F4xx_HAL_Driver/Src/stm32f4xx_hal_tim_ex.o
                0x08002fd4                HAL_TIMEx_MasterConfigSynchronization
 .text.HAL_TIMEx_CommutCallback
                0x080030cc       0x14 ./Drivers/STM32F4xx_HAL_Driver/Src/stm32f4xx_hal_tim_ex.o
                0x080030cc                HAL_TIMEx_CommutCallback
 .text.HAL_TIMEx_BreakCallback
                0x080030e0       0x14 ./Drivers/STM32F4xx_HAL_Driver/Src/stm32f4xx_hal_tim_ex.o
                0x080030e0                HAL_TIMEx_BreakCallback
 .text.HAL_UART_Init
                0x080030f4       0xa0 ./Drivers/STM32F4xx_HAL_Driver/Src/stm32f4xx_hal_uart.o
                0x080030f4                HAL_UART_Init
 .text.HAL_UART_IRQHandler
                0x08003194      0x554 ./Drivers/STM32F4xx_HAL_Driver/Src/stm32f4xx_hal_uart.o
                0x08003194                HAL_UART_IRQHandler
 .text.HAL_UART_TxCpltCallback
                0x080036e8       0x14 ./Drivers/STM32F4xx_HAL_Driver/Src/stm32f4xx_hal_uart.o
                0x080036e8                HAL_UART_TxCpltCallback
 .text.HAL_UART_RxCpltCallback
                0x080036fc       0x14 ./Drivers/STM32F4xx_HAL_Driver/Src/stm32f4xx_hal_uart.o
                0x080036fc                HAL_UART_RxCpltCallback
 .text.HAL_UART_ErrorCallback
                0x08003710       0x14 ./Drivers/STM32F4xx_HAL_Driver/Src/stm32f4xx_hal_uart.o
                0x08003710                HAL_UART_ErrorCallback
 .text.HAL_UARTEx_RxEventCallback
                0x08003724       0x18 ./Drivers/STM32F4xx_HAL_Driver/Src/stm32f4xx_hal_uart.o
                0x08003724                HAL_UARTEx_RxEventCallback
 .text.UART_EndRxTransfer
                0x0800373c       0xc6 ./Drivers/STM32F4xx_HAL_Driver/Src/stm32f4xx_hal_uart.o
 .text.UART_DMAAbortOnError
                0x08003802       0x22 ./Drivers/STM32F4xx_HAL_Driver/Src/stm32f4xx_hal_uart.o
 .text.UART_Transmit_IT
                0x08003824       0xa0 ./Drivers/STM32F4xx_HAL_Driver/Src/stm32f4xx_hal_uart.o
 .text.UART_EndTransmit_IT
                0x080038c4       0x30 ./Drivers/STM32F4xx_HAL_Driver/Src/stm32f4xx_hal_uart.o
 .text.UART_Receive_IT
                0x080038f4      0x17c ./Drivers/STM32F4xx_HAL_Driver/Src/stm32f4xx_hal_uart.o
 .text.UART_SetConfig
                0x08003a70      0x4e8 ./Drivers/STM32F4xx_HAL_Driver/Src/stm32f4xx_hal_uart.o
 .text.memset   0x08003f58       0x10 C:/ST/STM32CubeIDE_1.19.0/STM32CubeIDE/plugins/com.st.stm32cube.ide.mcu.externaltools.gnu-tools-for-stm32.13.3.rel1.win32_1.0.0.202411081344/tools/bin/../lib/gcc/arm-none-eabi/13.3.1/../../../../arm-none-eabi/lib/thumb/v7e-m+fp/hard\libc_nano.a(libc_a-memset.o)
                0x08003f58                memset
 .text.__libc_init_array
                0x08003f68       0x48 C:/ST/STM32CubeIDE_1.19.0/STM32CubeIDE/plugins/com.st.stm32cube.ide.mcu.externaltools.gnu-tools-for-stm32.13.3.rel1.win32_1.0.0.202411081344/tools/bin/../lib/gcc/arm-none-eabi/13.3.1/../../../../arm-none-eabi/lib/thumb/v7e-m+fp/hard\libc_nano.a(libc_a-init.o)
                0x08003f68                __libc_init_array
 .text.sin      0x08003fb0       0xa8 C:/ST/STM32CubeIDE_1.19.0/STM32CubeIDE/plugins/com.st.stm32cube.ide.mcu.externaltools.gnu-tools-for-stm32.13.3.rel1.win32_1.0.0.202411081344/tools/bin/../lib/gcc/arm-none-eabi/13.3.1/../../../../arm-none-eabi/lib/thumb/v7e-m+fp/hard\libm.a(libm_a-s_sin.o)
                0x08003fb0                sin
 .text.__kernel_cos
                0x08004058      0x18c C:/ST/STM32CubeIDE_1.19.0/STM32CubeIDE/plugins/com.st.stm32cube.ide.mcu.externaltools.gnu-tools-for-stm32.13.3.rel1.win32_1.0.0.202411081344/tools/bin/../lib/gcc/arm-none-eabi/13.3.1/../../../../arm-none-eabi/lib/thumb/v7e-m+fp/hard\libm.a(libm_a-k_cos.o)
                0x08004058                __kernel_cos
 *fill*         0x080041e4        0x4 
 .text.__kernel_sin
                0x080041e8      0x174 C:/ST/STM32CubeIDE_1.19.0/STM32CubeIDE/plugins/com.st.stm32cube.ide.mcu.externaltools.gnu-tools-for-stm32.13.3.rel1.win32_1.0.0.202411081344/tools/bin/../lib/gcc/arm-none-eabi/13.3.1/../../../../arm-none-eabi/lib/thumb/v7e-m+fp/hard\libm.a(libm_a-k_sin.o)
                0x080041e8                __kernel_sin
 *fill*         0x0800435c        0x4 
 .text.__ieee754_rem_pio2
                0x08004360      0x3f8 C:/ST/STM32CubeIDE_1.19.0/STM32CubeIDE/plugins/com.st.stm32cube.ide.mcu.externaltools.gnu-tools-for-stm32.13.3.rel1.win32_1.0.0.202411081344/tools/bin/../lib/gcc/arm-none-eabi/13.3.1/../../../../arm-none-eabi/lib/thumb/v7e-m+fp/hard\libm.a(libm_a-e_rem_pio2.o)
                0x08004360                __ieee754_rem_pio2
 .text.fabs     0x08004758       0x10 C:/ST/STM32CubeIDE_1.19.0/STM32CubeIDE/plugins/com.st.stm32cube.ide.mcu.externaltools.gnu-tools-for-stm32.13.3.rel1.win32_1.0.0.202411081344/tools/bin/../lib/gcc/arm-none-eabi/13.3.1/../../../../arm-none-eabi/lib/thumb/v7e-m+fp/hard\libm.a(libm_a-s_fabs.o)
                0x08004758                fabs
 .text.__kernel_rem_pio2
                0x08004768      0x6a0 C:/ST/STM32CubeIDE_1.19.0/STM32CubeIDE/plugins/com.st.stm32cube.ide.mcu.externaltools.gnu-tools-for-stm32.13.3.rel1.win32_1.0.0.202411081344/tools/bin/../lib/gcc/arm-none-eabi/13.3.1/../../../../arm-none-eabi/lib/thumb/v7e-m+fp/hard\libm.a(libm_a-k_rem_pio2.o)
                0x08004768                __kernel_rem_pio2
 .text.scalbn   0x08004e08       0xf4 C:/ST/STM32CubeIDE_1.19.0/STM32CubeIDE/plugins/com.st.stm32cube.ide.mcu.externaltools.gnu-tools-for-stm32.13.3.rel1.win32_1.0.0.202411081344/tools/bin/../lib/gcc/arm-none-eabi/13.3.1/../../../../arm-none-eabi/lib/thumb/v7e-m+fp/hard\libm.a(libm_a-s_scalbn.o)
                0x08004e08                scalbn
 *fill*         0x08004efc        0x4 
 .text.floor    0x08004f00       0xf8 C:/ST/STM32CubeIDE_1.19.0/STM32CubeIDE/plugins/com.st.stm32cube.ide.mcu.externaltools.gnu-tools-for-stm32.13.3.rel1.win32_1.0.0.202411081344/tools/bin/../lib/gcc/arm-none-eabi/13.3.1/../../../../arm-none-eabi/lib/thumb/v7e-m+fp/hard\libm.a(libm_a-s_floor.o)
                0x08004f00                floor
 *(.glue_7)
 .glue_7        0x08004ff8        0x0 linker stubs
 *(.glue_7t)
 .glue_7t       0x08004ff8        0x0 linker stubs
 *(.eh_frame)
 .eh_frame      0x08004ff8        0x0 C:/ST/STM32CubeIDE_1.19.0/STM32CubeIDE/plugins/com.st.stm32cube.ide.mcu.externaltools.gnu-tools-for-stm32.13.3.rel1.win32_1.0.0.202411081344/tools/bin/../lib/gcc/arm-none-eabi/13.3.1/thumb/v7e-m+fp/hard/crtbegin.o
 *(.init)
 .init          0x08004ff8        0x4 C:/ST/STM32CubeIDE_1.19.0/STM32CubeIDE/plugins/com.st.stm32cube.ide.mcu.externaltools.gnu-tools-for-stm32.13.3.rel1.win32_1.0.0.202411081344/tools/bin/../lib/gcc/arm-none-eabi/13.3.1/thumb/v7e-m+fp/hard/crti.o
                0x08004ff8                _init
 .init          0x08004ffc        0x8 C:/ST/STM32CubeIDE_1.19.0/STM32CubeIDE/plugins/com.st.stm32cube.ide.mcu.externaltools.gnu-tools-for-stm32.13.3.rel1.win32_1.0.0.202411081344/tools/bin/../lib/gcc/arm-none-eabi/13.3.1/thumb/v7e-m+fp/hard/crtn.o
 *(.fini)
 .fini          0x08005004        0x4 C:/ST/STM32CubeIDE_1.19.0/STM32CubeIDE/plugins/com.st.stm32cube.ide.mcu.externaltools.gnu-tools-for-stm32.13.3.rel1.win32_1.0.0.202411081344/tools/bin/../lib/gcc/arm-none-eabi/13.3.1/thumb/v7e-m+fp/hard/crti.o
                0x08005004                _fini
 .fini          0x08005008        0x8 C:/ST/STM32CubeIDE_1.19.0/STM32CubeIDE/plugins/com.st.stm32cube.ide.mcu.externaltools.gnu-tools-for-stm32.13.3.rel1.win32_1.0.0.202411081344/tools/bin/../lib/gcc/arm-none-eabi/13.3.1/thumb/v7e-m+fp/hard/crtn.o
                0x08005010                        . = ALIGN (0x4)
                0x08005010                        _etext = .

.vfp11_veneer   0x08005010        0x0
 .vfp11_veneer  0x08005010        0x0 linker stubs

.v4_bx          0x08005010        0x0
 .v4_bx         0x08005010        0x0 linker stubs

.iplt           0x08005010        0x0
 .iplt          0x08005010        0x0 C:/ST/STM32CubeIDE_1.19.0/STM32CubeIDE/plugins/com.st.stm32cube.ide.mcu.externaltools.gnu-tools-for-stm32.13.3.rel1.win32_1.0.0.202411081344/tools/bin/../lib/gcc/arm-none-eabi/13.3.1/thumb/v7e-m+fp/hard/crtbegin.o

.rodata         0x08005010      0x1f0
                0x08005010                        . = ALIGN (0x4)
 *(.rodata)
 *(.rodata*)
 .rodata.AHBPrescTable
                0x08005010       0x10 ./Core/Src/system_stm32f4xx.o
                0x08005010                AHBPrescTable
 .rodata.APBPrescTable
                0x08005020        0x8 ./Core/Src/system_stm32f4xx.o
                0x08005020                APBPrescTable
 .rodata.npio2_hw
                0x08005028       0x80 C:/ST/STM32CubeIDE_1.19.0/STM32CubeIDE/plugins/com.st.stm32cube.ide.mcu.externaltools.gnu-tools-for-stm32.13.3.rel1.win32_1.0.0.202411081344/tools/bin/../lib/gcc/arm-none-eabi/13.3.1/../../../../arm-none-eabi/lib/thumb/v7e-m+fp/hard\libm.a(libm_a-e_rem_pio2.o)
 .rodata.two_over_pi
                0x080050a8      0x108 C:/ST/STM32CubeIDE_1.19.0/STM32CubeIDE/plugins/com.st.stm32cube.ide.mcu.externaltools.gnu-tools-for-stm32.13.3.rel1.win32_1.0.0.202411081344/tools/bin/../lib/gcc/arm-none-eabi/13.3.1/../../../../arm-none-eabi/lib/thumb/v7e-m+fp/hard\libm.a(libm_a-e_rem_pio2.o)
 .rodata.PIo2   0x080051b0       0x40 C:/ST/STM32CubeIDE_1.19.0/STM32CubeIDE/plugins/com.st.stm32cube.ide.mcu.externaltools.gnu-tools-for-stm32.13.3.rel1.win32_1.0.0.202411081344/tools/bin/../lib/gcc/arm-none-eabi/13.3.1/../../../../arm-none-eabi/lib/thumb/v7e-m+fp/hard\libm.a(libm_a-k_rem_pio2.o)
 .rodata.init_jk
                0x080051f0       0x10 C:/ST/STM32CubeIDE_1.19.0/STM32CubeIDE/plugins/com.st.stm32cube.ide.mcu.externaltools.gnu-tools-for-stm32.13.3.rel1.win32_1.0.0.202411081344/tools/bin/../lib/gcc/arm-none-eabi/13.3.1/../../../../arm-none-eabi/lib/thumb/v7e-m+fp/hard\libm.a(libm_a-k_rem_pio2.o)
                0x08005200                        . = ALIGN (0x4)

.ARM.extab      0x08005200        0x0
                0x08005200                        . = ALIGN (0x4)
 *(.ARM.extab* .gnu.linkonce.armextab.*)
                0x08005200                        . = ALIGN (0x4)

.ARM            0x08005200        0x8
                0x08005200                        . = ALIGN (0x4)
                0x08005200                        __exidx_start = .
 *(.ARM.exidx*)
 .ARM.exidx     0x08005200        0x8 C:/ST/STM32CubeIDE_1.19.0/STM32CubeIDE/plugins/com.st.stm32cube.ide.mcu.externaltools.gnu-tools-for-stm32.13.3.rel1.win32_1.0.0.202411081344/tools/bin/../lib/gcc/arm-none-eabi/13.3.1/thumb/v7e-m+fp/hard\libgcc.a(_udivmoddi4.o)
                0x08005208                        __exidx_end = .
                0x08005208                        . = ALIGN (0x4)

.preinit_array  0x08005208        0x0
                0x08005208                        . = ALIGN (0x4)
                0x08005208                        PROVIDE (__preinit_array_start = .)
 *(.preinit_array*)
                0x08005208                        PROVIDE (__preinit_array_end = .)
                0x08005208                        . = ALIGN (0x4)

.init_array     0x08005208        0x4
                0x08005208                        . = ALIGN (0x4)
                0x08005208                        PROVIDE (__init_array_start = .)
 *(SORT_BY_NAME(.init_array.*))
 *(.init_array*)
 .init_array    0x08005208        0x4 C:/ST/STM32CubeIDE_1.19.0/STM32CubeIDE/plugins/com.st.stm32cube.ide.mcu.externaltools.gnu-tools-for-stm32.13.3.rel1.win32_1.0.0.202411081344/tools/bin/../lib/gcc/arm-none-eabi/13.3.1/thumb/v7e-m+fp/hard/crtbegin.o
                0x0800520c                        PROVIDE (__init_array_end = .)
                0x0800520c                        . = ALIGN (0x4)

.fini_array     0x0800520c        0x4
                0x0800520c                        . = ALIGN (0x4)
                [!provide]                        PROVIDE (__fini_array_start = .)
 *(SORT_BY_NAME(.fini_array.*))
 *(.fini_array*)
 .fini_array    0x0800520c        0x4 C:/ST/STM32CubeIDE_1.19.0/STM32CubeIDE/plugins/com.st.stm32cube.ide.mcu.externaltools.gnu-tools-for-stm32.13.3.rel1.win32_1.0.0.202411081344/tools/bin/../lib/gcc/arm-none-eabi/13.3.1/thumb/v7e-m+fp/hard/crtbegin.o
                [!provide]                        PROVIDE (__fini_array_end = .)
                0x08005210                        . = ALIGN (0x4)
                0x08005210                        _sidata = LOADADDR (.data)

.rel.dyn        0x08005210        0x0
 .rel.iplt      0x08005210        0x0 C:/ST/STM32CubeIDE_1.19.0/STM32CubeIDE/plugins/com.st.stm32cube.ide.mcu.externaltools.gnu-tools-for-stm32.13.3.rel1.win32_1.0.0.202411081344/tools/bin/../lib/gcc/arm-none-eabi/13.3.1/thumb/v7e-m+fp/hard/crtbegin.o

.data           0x20000000        0xc load address 0x08005210
                0x20000000                        . = ALIGN (0x4)
                0x20000000                        _sdata = .
 *(.data)
 *(.data*)
 .data.SystemCoreClock
                0x20000000        0x4 ./Core/Src/system_stm32f4xx.o
                0x20000000                SystemCoreClock
 .data.uwTickPrio
                0x20000004        0x4 ./Drivers/STM32F4xx_HAL_Driver/Src/stm32f4xx_hal.o
                0x20000004                uwTickPrio
 .data.uwTickFreq
                0x20000008        0x1 ./Drivers/STM32F4xx_HAL_Driver/Src/stm32f4xx_hal.o
                0x20000008                uwTickFreq
 *(.RamFunc)
 *(.RamFunc*)
                0x2000000c                        . = ALIGN (0x4)
 *fill*         0x20000009        0x3 
                0x2000000c                        _edata = .

.igot.plt       0x2000000c        0x0 load address 0x0800521c
 .igot.plt      0x2000000c        0x0 C:/ST/STM32CubeIDE_1.19.0/STM32CubeIDE/plugins/com.st.stm32cube.ide.mcu.externaltools.gnu-tools-for-stm32.13.3.rel1.win32_1.0.0.202411081344/tools/bin/../lib/gcc/arm-none-eabi/13.3.1/thumb/v7e-m+fp/hard/crtbegin.o
                0x2000000c                        . = ALIGN (0x4)

.bss            0x20000010      0x10c load address 0x0800521c
                0x20000010                        _sbss = .
                0x20000010                        __bss_start__ = _sbss
 *(.bss)
 .bss           0x20000010       0x1c C:/ST/STM32CubeIDE_1.19.0/STM32CubeIDE/plugins/com.st.stm32cube.ide.mcu.externaltools.gnu-tools-for-stm32.13.3.rel1.win32_1.0.0.202411081344/tools/bin/../lib/gcc/arm-none-eabi/13.3.1/thumb/v7e-m+fp/hard/crtbegin.o
 *(.bss*)
 .bss.hdac      0x2000002c       0x14 ./Core/Src/main.o
                0x2000002c                hdac
 .bss.htim7     0x20000040       0x48 ./Core/Src/main.o
                0x20000040                htim7
 .bss.huart2    0x20000088       0x48 ./Core/Src/main.o
                0x20000088                huart2
 .bss.ui16Sin   0x200000d0       0x3c ./Core/Src/main.o
                0x200000d0                ui16Sin
 .bss.ui8Index  0x2000010c        0x1 ./Core/Src/main.o
                0x2000010c                ui8Index
 .bss.ui8Index2
                0x2000010d        0x1 ./Core/Src/main.o
                0x2000010d                ui8Index2
 *fill*         0x2000010e        0x2 
 .bss.dTemp     0x20000110        0x8 ./Core/Src/main.o
                0x20000110                dTemp
 .bss.uwTick    0x20000118        0x4 ./Drivers/STM32F4xx_HAL_Driver/Src/stm32f4xx_hal.o
                0x20000118                uwTick
 *(COMMON)
                0x2000011c                        . = ALIGN (0x4)
                0x2000011c                        _ebss = .
                0x2000011c                        __bss_end__ = _ebss

._user_heap_stack
                0x2000011c      0x604 load address 0x0800521c
                0x20000120                        . = ALIGN (0x8)
 *fill*         0x2000011c        0x4 
                [!provide]                        PROVIDE (end = .)
                0x20000120                        PROVIDE (_end = .)
                0x20000320                        . = (. + _Min_Heap_Size)
 *fill*         0x20000120      0x200 
                0x20000720                        . = (. + _Min_Stack_Size)
 *fill*         0x20000320      0x400 
                0x20000720                        . = ALIGN (0x8)

/DISCARD/
 libc.a(*)
 libm.a(*)
 libgcc.a(*)

.ARM.attributes
                0x00000000       0x30
 *(.ARM.attributes)
 .ARM.attributes
                0x00000000       0x22 C:/ST/STM32CubeIDE_1.19.0/STM32CubeIDE/plugins/com.st.stm32cube.ide.mcu.externaltools.gnu-tools-for-stm32.13.3.rel1.win32_1.0.0.202411081344/tools/bin/../lib/gcc/arm-none-eabi/13.3.1/thumb/v7e-m+fp/hard/crti.o
 .ARM.attributes
                0x00000022       0x34 C:/ST/STM32CubeIDE_1.19.0/STM32CubeIDE/plugins/com.st.stm32cube.ide.mcu.externaltools.gnu-tools-for-stm32.13.3.rel1.win32_1.0.0.202411081344/tools/bin/../lib/gcc/arm-none-eabi/13.3.1/thumb/v7e-m+fp/hard/crtbegin.o
 .ARM.attributes
                0x00000056       0x34 ./Core/Src/main.o
 .ARM.attributes
                0x0000008a       0x34 ./Core/Src/stm32f4xx_hal_msp.o
 .ARM.attributes
                0x000000be       0x34 ./Core/Src/stm32f4xx_it.o
 .ARM.attributes
                0x000000f2       0x34 ./Core/Src/system_stm32f4xx.o
 .ARM.attributes
                0x00000126       0x21 ./Core/Startup/startup_stm32f446retx.o
 .ARM.attributes
                0x00000147       0x34 ./Drivers/STM32F4xx_HAL_Driver/Src/stm32f4xx_hal.o
 .ARM.attributes
                0x0000017b       0x34 ./Drivers/STM32F4xx_HAL_Driver/Src/stm32f4xx_hal_cortex.o
 .ARM.attributes
                0x000001af       0x34 ./Drivers/STM32F4xx_HAL_Driver/Src/stm32f4xx_hal_dac.o
 .ARM.attributes
                0x000001e3       0x34 ./Drivers/STM32F4xx_HAL_Driver/Src/stm32f4xx_hal_dma.o
 .ARM.attributes
                0x00000217       0x34 ./Drivers/STM32F4xx_HAL_Driver/Src/stm32f4xx_hal_gpio.o
 .ARM.attributes
                0x0000024b       0x34 ./Drivers/STM32F4xx_HAL_Driver/Src/stm32f4xx_hal_rcc.o
 .ARM.attributes
                0x0000027f       0x34 ./Drivers/STM32F4xx_HAL_Driver/Src/stm32f4xx_hal_rcc_ex.o
 .ARM.attributes
                0x000002b3       0x34 ./Drivers/STM32F4xx_HAL_Driver/Src/stm32f4xx_hal_tim.o
 .ARM.attributes
                0x000002e7       0x34 ./Drivers/STM32F4xx_HAL_Driver/Src/stm32f4xx_hal_tim_ex.o
 .ARM.attributes
                0x0000031b       0x34 ./Drivers/STM32F4xx_HAL_Driver/Src/stm32f4xx_hal_uart.o
 .ARM.attributes
                0x0000034f       0x34 C:/ST/STM32CubeIDE_1.19.0/STM32CubeIDE/plugins/com.st.stm32cube.ide.mcu.externaltools.gnu-tools-for-stm32.13.3.rel1.win32_1.0.0.202411081344/tools/bin/../lib/gcc/arm-none-eabi/13.3.1/../../../../arm-none-eabi/lib/thumb/v7e-m+fp/hard\libc_nano.a(libc_a-memset.o)
 .ARM.attributes
                0x00000383       0x34 C:/ST/STM32CubeIDE_1.19.0/STM32CubeIDE/plugins/com.st.stm32cube.ide.mcu.externaltools.gnu-tools-for-stm32.13.3.rel1.win32_1.0.0.202411081344/tools/bin/../lib/gcc/arm-none-eabi/13.3.1/../../../../arm-none-eabi/lib/thumb/v7e-m+fp/hard\libc_nano.a(libc_a-init.o)
 .ARM.attributes
                0x000003b7       0x34 C:/ST/STM32CubeIDE_1.19.0/STM32CubeIDE/plugins/com.st.stm32cube.ide.mcu.externaltools.gnu-tools-for-stm32.13.3.rel1.win32_1.0.0.202411081344/tools/bin/../lib/gcc/arm-none-eabi/13.3.1/../../../../arm-none-eabi/lib/thumb/v7e-m+fp/hard\libm.a(libm_a-s_sin.o)
 .ARM.attributes
                0x000003eb       0x34 C:/ST/STM32CubeIDE_1.19.0/STM32CubeIDE/plugins/com.st.stm32cube.ide.mcu.externaltools.gnu-tools-for-stm32.13.3.rel1.win32_1.0.0.202411081344/tools/bin/../lib/gcc/arm-none-eabi/13.3.1/../../../../arm-none-eabi/lib/thumb/v7e-m+fp/hard\libm.a(libm_a-k_cos.o)
 .ARM.attributes
                0x0000041f       0x34 C:/ST/STM32CubeIDE_1.19.0/STM32CubeIDE/plugins/com.st.stm32cube.ide.mcu.externaltools.gnu-tools-for-stm32.13.3.rel1.win32_1.0.0.202411081344/tools/bin/../lib/gcc/arm-none-eabi/13.3.1/../../../../arm-none-eabi/lib/thumb/v7e-m+fp/hard\libm.a(libm_a-k_sin.o)
 .ARM.attributes
                0x00000453       0x34 C:/ST/STM32CubeIDE_1.19.0/STM32CubeIDE/plugins/com.st.stm32cube.ide.mcu.externaltools.gnu-tools-for-stm32.13.3.rel1.win32_1.0.0.202411081344/tools/bin/../lib/gcc/arm-none-eabi/13.3.1/../../../../arm-none-eabi/lib/thumb/v7e-m+fp/hard\libm.a(libm_a-e_rem_pio2.o)
 .ARM.attributes
                0x00000487       0x34 C:/ST/STM32CubeIDE_1.19.0/STM32CubeIDE/plugins/com.st.stm32cube.ide.mcu.externaltools.gnu-tools-for-stm32.13.3.rel1.win32_1.0.0.202411081344/tools/bin/../lib/gcc/arm-none-eabi/13.3.1/../../../../arm-none-eabi/lib/thumb/v7e-m+fp/hard\libm.a(libm_a-s_fabs.o)
 .ARM.attributes
                0x000004bb       0x34 C:/ST/STM32CubeIDE_1.19.0/STM32CubeIDE/plugins/com.st.stm32cube.ide.mcu.externaltools.gnu-tools-for-stm32.13.3.rel1.win32_1.0.0.202411081344/tools/bin/../lib/gcc/arm-none-eabi/13.3.1/../../../../arm-none-eabi/lib/thumb/v7e-m+fp/hard\libm.a(libm_a-k_rem_pio2.o)
 .ARM.attributes
                0x000004ef       0x34 C:/ST/STM32CubeIDE_1.19.0/STM32CubeIDE/plugins/com.st.stm32cube.ide.mcu.externaltools.gnu-tools-for-stm32.13.3.rel1.win32_1.0.0.202411081344/tools/bin/../lib/gcc/arm-none-eabi/13.3.1/../../../../arm-none-eabi/lib/thumb/v7e-m+fp/hard\libm.a(libm_a-s_scalbn.o)
 .ARM.attributes
                0x00000523       0x34 C:/ST/STM32CubeIDE_1.19.0/STM32CubeIDE/plugins/com.st.stm32cube.ide.mcu.externaltools.gnu-tools-for-stm32.13.3.rel1.win32_1.0.0.202411081344/tools/bin/../lib/gcc/arm-none-eabi/13.3.1/../../../../arm-none-eabi/lib/thumb/v7e-m+fp/hard\libm.a(libm_a-s_floor.o)
 .ARM.attributes
                0x00000557       0x22 C:/ST/STM32CubeIDE_1.19.0/STM32CubeIDE/plugins/com.st.stm32cube.ide.mcu.externaltools.gnu-tools-for-stm32.13.3.rel1.win32_1.0.0.202411081344/tools/bin/../lib/gcc/arm-none-eabi/13.3.1/thumb/v7e-m+fp/hard\libgcc.a(_arm_addsubdf3.o)
 .ARM.attributes
                0x00000579       0x22 C:/ST/STM32CubeIDE_1.19.0/STM32CubeIDE/plugins/com.st.stm32cube.ide.mcu.externaltools.gnu-tools-for-stm32.13.3.rel1.win32_1.0.0.202411081344/tools/bin/../lib/gcc/arm-none-eabi/13.3.1/thumb/v7e-m+fp/hard\libgcc.a(_arm_muldivdf3.o)
 .ARM.attributes
                0x0000059b       0x22 C:/ST/STM32CubeIDE_1.19.0/STM32CubeIDE/plugins/com.st.stm32cube.ide.mcu.externaltools.gnu-tools-for-stm32.13.3.rel1.win32_1.0.0.202411081344/tools/bin/../lib/gcc/arm-none-eabi/13.3.1/thumb/v7e-m+fp/hard\libgcc.a(_arm_cmpdf2.o)
 .ARM.attributes
                0x000005bd       0x22 C:/ST/STM32CubeIDE_1.19.0/STM32CubeIDE/plugins/com.st.stm32cube.ide.mcu.externaltools.gnu-tools-for-stm32.13.3.rel1.win32_1.0.0.202411081344/tools/bin/../lib/gcc/arm-none-eabi/13.3.1/thumb/v7e-m+fp/hard\libgcc.a(_arm_fixdfsi.o)
 .ARM.attributes
                0x000005df       0x22 C:/ST/STM32CubeIDE_1.19.0/STM32CubeIDE/plugins/com.st.stm32cube.ide.mcu.externaltools.gnu-tools-for-stm32.13.3.rel1.win32_1.0.0.202411081344/tools/bin/../lib/gcc/arm-none-eabi/13.3.1/thumb/v7e-m+fp/hard\libgcc.a(_arm_fixunsdfsi.o)
 .ARM.attributes
                0x00000601       0x22 C:/ST/STM32CubeIDE_1.19.0/STM32CubeIDE/plugins/com.st.stm32cube.ide.mcu.externaltools.gnu-tools-for-stm32.13.3.rel1.win32_1.0.0.202411081344/tools/bin/../lib/gcc/arm-none-eabi/13.3.1/thumb/v7e-m+fp/hard\libgcc.a(_aeabi_uldivmod.o)
 .ARM.attributes
                0x00000623       0x34 C:/ST/STM32CubeIDE_1.19.0/STM32CubeIDE/plugins/com.st.stm32cube.ide.mcu.externaltools.gnu-tools-for-stm32.13.3.rel1.win32_1.0.0.202411081344/tools/bin/../lib/gcc/arm-none-eabi/13.3.1/thumb/v7e-m+fp/hard\libgcc.a(_udivmoddi4.o)
 .ARM.attributes
                0x00000657       0x22 C:/ST/STM32CubeIDE_1.19.0/STM32CubeIDE/plugins/com.st.stm32cube.ide.mcu.externaltools.gnu-tools-for-stm32.13.3.rel1.win32_1.0.0.202411081344/tools/bin/../lib/gcc/arm-none-eabi/13.3.1/thumb/v7e-m+fp/hard\libgcc.a(_dvmd_tls.o)
 .ARM.attributes
                0x00000679       0x22 C:/ST/STM32CubeIDE_1.19.0/STM32CubeIDE/plugins/com.st.stm32cube.ide.mcu.externaltools.gnu-tools-for-stm32.13.3.rel1.win32_1.0.0.202411081344/tools/bin/../lib/gcc/arm-none-eabi/13.3.1/thumb/v7e-m+fp/hard/crtn.o
OUTPUT(08LA.elf elf32-littlearm)
LOAD linker stubs
LOAD C:/ST/STM32CubeIDE_1.19.0/STM32CubeIDE/plugins/com.st.stm32cube.ide.mcu.externaltools.gnu-tools-for-stm32.13.3.rel1.win32_1.0.0.202411081344/tools/bin/../lib/gcc/arm-none-eabi/13.3.1/../../../../arm-none-eabi/lib/thumb/v7e-m+fp/hard\libc.a
LOAD C:/ST/STM32CubeIDE_1.19.0/STM32CubeIDE/plugins/com.st.stm32cube.ide.mcu.externaltools.gnu-tools-for-stm32.13.3.rel1.win32_1.0.0.202411081344/tools/bin/../lib/gcc/arm-none-eabi/13.3.1/../../../../arm-none-eabi/lib/thumb/v7e-m+fp/hard\libm.a
LOAD C:/ST/STM32CubeIDE_1.19.0/STM32CubeIDE/plugins/com.st.stm32cube.ide.mcu.externaltools.gnu-tools-for-stm32.13.3.rel1.win32_1.0.0.202411081344/tools/bin/../lib/gcc/arm-none-eabi/13.3.1/thumb/v7e-m+fp/hard\libgcc.a

.debug_info     0x00000000     0xe502
 .debug_info    0x00000000     0x130f ./Core/Src/main.o
 .debug_info    0x0000130f     0x1191 ./Core/Src/stm32f4xx_hal_msp.o
 .debug_info    0x000024a0      0x98b ./Core/Src/stm32f4xx_it.o
 .debug_info    0x00002e2b      0x54a ./Core/Src/system_stm32f4xx.o
 .debug_info    0x00003375       0x30 ./Core/Startup/startup_stm32f446retx.o
 .debug_info    0x000033a5      0x99a ./Drivers/STM32F4xx_HAL_Driver/Src/stm32f4xx_hal.o
 .debug_info    0x00003d3f      0xdaa ./Drivers/STM32F4xx_HAL_Driver/Src/stm32f4xx_hal_cortex.o
 .debug_info    0x00004ae9      0xa01 ./Drivers/STM32F4xx_HAL_Driver/Src/stm32f4xx_hal_dac.o
 .debug_info    0x000054ea      0x8e7 ./Drivers/STM32F4xx_HAL_Driver/Src/stm32f4xx_hal_dma.o
 .debug_info    0x00005dd1      0x70b ./Drivers/STM32F4xx_HAL_Driver/Src/stm32f4xx_hal_gpio.o
 .debug_info    0x000064dc      0x8ff ./Drivers/STM32F4xx_HAL_Driver/Src/stm32f4xx_hal_rcc.o
 .debug_info    0x00006ddb      0x960 ./Drivers/STM32F4xx_HAL_Driver/Src/stm32f4xx_hal_rcc_ex.o
 .debug_info    0x0000773b     0x299d ./Drivers/STM32F4xx_HAL_Driver/Src/stm32f4xx_hal_tim.o
 .debug_info    0x0000a0d8     0x14db ./Drivers/STM32F4xx_HAL_Driver/Src/stm32f4xx_hal_tim_ex.o
 .debug_info    0x0000b5b3     0x2f4f ./Drivers/STM32F4xx_HAL_Driver/Src/stm32f4xx_hal_uart.o

.debug_abbrev   0x00000000     0x1fb6
 .debug_abbrev  0x00000000      0x2ca ./Core/Src/main.o
 .debug_abbrev  0x000002ca      0x1de ./Core/Src/stm32f4xx_hal_msp.o
 .debug_abbrev  0x000004a8      0x19c ./Core/Src/stm32f4xx_it.o
 .debug_abbrev  0x00000644      0x11a ./Core/Src/system_stm32f4xx.o
 .debug_abbrev  0x0000075e       0x24 ./Core/Startup/startup_stm32f446retx.o
 .debug_abbrev  0x00000782      0x214 ./Drivers/STM32F4xx_HAL_Driver/Src/stm32f4xx_hal.o
 .debug_abbrev  0x00000996      0x31d ./Drivers/STM32F4xx_HAL_Driver/Src/stm32f4xx_hal_cortex.o
 .debug_abbrev  0x00000cb3      0x1fa ./Drivers/STM32F4xx_HAL_Driver/Src/stm32f4xx_hal_dac.o
 .debug_abbrev  0x00000ead      0x264 ./Drivers/STM32F4xx_HAL_Driver/Src/stm32f4xx_hal_dma.o
 .debug_abbrev  0x00001111      0x1d4 ./Drivers/STM32F4xx_HAL_Driver/Src/stm32f4xx_hal_gpio.o
 .debug_abbrev  0x000012e5      0x2b7 ./Drivers/STM32F4xx_HAL_Driver/Src/stm32f4xx_hal_rcc.o
 .debug_abbrev  0x0000159c      0x211 ./Drivers/STM32F4xx_HAL_Driver/Src/stm32f4xx_hal_rcc_ex.o
 .debug_abbrev  0x000017ad      0x278 ./Drivers/STM32F4xx_HAL_Driver/Src/stm32f4xx_hal_tim.o
 .debug_abbrev  0x00001a25      0x283 ./Drivers/STM32F4xx_HAL_Driver/Src/stm32f4xx_hal_tim_ex.o
 .debug_abbrev  0x00001ca8      0x30e ./Drivers/STM32F4xx_HAL_Driver/Src/stm32f4xx_hal_uart.o

.debug_aranges  0x00000000      0xd70
 .debug_aranges
                0x00000000       0x58 ./Core/Src/main.o
 .debug_aranges
                0x00000058       0x50 ./Core/Src/stm32f4xx_hal_msp.o
 .debug_aranges
                0x000000a8       0x70 ./Core/Src/stm32f4xx_it.o
 .debug_aranges
                0x00000118       0x28 ./Core/Src/system_stm32f4xx.o
 .debug_aranges
                0x00000140       0x28 ./Core/Startup/startup_stm32f446retx.o
 .debug_aranges
                0x00000168       0xf0 ./Drivers/STM32F4xx_HAL_Driver/Src/stm32f4xx_hal.o
 .debug_aranges
                0x00000258      0x130 ./Drivers/STM32F4xx_HAL_Driver/Src/stm32f4xx_hal_cortex.o
 .debug_aranges
                0x00000388       0xc0 ./Drivers/STM32F4xx_HAL_Driver/Src/stm32f4xx_hal_dac.o
 .debug_aranges
                0x00000448       0x90 ./Drivers/STM32F4xx_HAL_Driver/Src/stm32f4xx_hal_dma.o
 .debug_aranges
                0x000004d8       0x58 ./Drivers/STM32F4xx_HAL_Driver/Src/stm32f4xx_hal_gpio.o
 .debug_aranges
                0x00000530       0x88 ./Drivers/STM32F4xx_HAL_Driver/Src/stm32f4xx_hal_rcc.o
 .debug_aranges
                0x000005b8       0x78 ./Drivers/STM32F4xx_HAL_Driver/Src/stm32f4xx_hal_rcc_ex.o
 .debug_aranges
                0x00000630      0x3d0 ./Drivers/STM32F4xx_HAL_Driver/Src/stm32f4xx_hal_tim.o
 .debug_aranges
                0x00000a00      0x168 ./Drivers/STM32F4xx_HAL_Driver/Src/stm32f4xx_hal_tim_ex.o
 .debug_aranges
                0x00000b68      0x208 ./Drivers/STM32F4xx_HAL_Driver/Src/stm32f4xx_hal_uart.o

.debug_rnglists
                0x00000000      0xa88
 .debug_rnglists
                0x00000000       0x40 ./Core/Src/main.o
 .debug_rnglists
                0x00000040       0x39 ./Core/Src/stm32f4xx_hal_msp.o
 .debug_rnglists
                0x00000079       0x4f ./Core/Src/stm32f4xx_it.o
 .debug_rnglists
                0x000000c8       0x1a ./Core/Src/system_stm32f4xx.o
 .debug_rnglists
                0x000000e2       0x19 ./Core/Startup/startup_stm32f446retx.o
 .debug_rnglists
                0x000000fb       0xaf ./Drivers/STM32F4xx_HAL_Driver/Src/stm32f4xx_hal.o
 .debug_rnglists
                0x000001aa       0xe0 ./Drivers/STM32F4xx_HAL_Driver/Src/stm32f4xx_hal_cortex.o
 .debug_rnglists
                0x0000028a       0x90 ./Drivers/STM32F4xx_HAL_Driver/Src/stm32f4xx_hal_dac.o
 .debug_rnglists
                0x0000031a       0x70 ./Drivers/STM32F4xx_HAL_Driver/Src/stm32f4xx_hal_dma.o
 .debug_rnglists
                0x0000038a       0x3f ./Drivers/STM32F4xx_HAL_Driver/Src/stm32f4xx_hal_gpio.o
 .debug_rnglists
                0x000003c9       0x66 ./Drivers/STM32F4xx_HAL_Driver/Src/stm32f4xx_hal_rcc.o
 .debug_rnglists
                0x0000042f       0x5e ./Drivers/STM32F4xx_HAL_Driver/Src/stm32f4xx_hal_rcc_ex.o
 .debug_rnglists
                0x0000048d      0x31a ./Drivers/STM32F4xx_HAL_Driver/Src/stm32f4xx_hal_tim.o
 .debug_rnglists
                0x000007a7      0x125 ./Drivers/STM32F4xx_HAL_Driver/Src/stm32f4xx_hal_tim_ex.o
 .debug_rnglists
                0x000008cc      0x1bc ./Drivers/STM32F4xx_HAL_Driver/Src/stm32f4xx_hal_uart.o

.debug_macro    0x00000000    0x2200d
 .debug_macro   0x00000000      0x29c ./Core/Src/main.o
 .debug_macro   0x0000029c      0xad8 ./Core/Src/main.o
 .debug_macro   0x00000d74      0x2a1 ./Core/Src/main.o
 .debug_macro   0x00001015       0x2e ./Core/Src/main.o
 .debug_macro   0x00001043       0x28 ./Core/Src/main.o
 .debug_macro   0x0000106b       0x22 ./Core/Src/main.o
 .debug_macro   0x0000108d       0x8e ./Core/Src/main.o
 .debug_macro   0x0000111b       0x51 ./Core/Src/main.o
 .debug_macro   0x0000116c      0x103 ./Core/Src/main.o
 .debug_macro   0x0000126f       0x6a ./Core/Src/main.o
 .debug_macro   0x000012d9      0x1df ./Core/Src/main.o
 .debug_macro   0x000014b8       0x1c ./Core/Src/main.o
 .debug_macro   0x000014d4       0x22 ./Core/Src/main.o
 .debug_macro   0x000014f6       0xfb ./Core/Src/main.o
 .debug_macro   0x000015f1     0x1011 ./Core/Src/main.o
 .debug_macro   0x00002602      0x11f ./Core/Src/main.o
 .debug_macro   0x00002721    0x1675e ./Core/Src/main.o
 .debug_macro   0x00018e7f       0x6d ./Core/Src/main.o
 .debug_macro   0x00018eec     0x3693 ./Core/Src/main.o
 .debug_macro   0x0001c57f      0x190 ./Core/Src/main.o
 .debug_macro   0x0001c70f       0x5c ./Core/Src/main.o
 .debug_macro   0x0001c76b      0xca5 ./Core/Src/main.o
 .debug_macro   0x0001d410      0x9e9 ./Core/Src/main.o
 .debug_macro   0x0001ddf9      0x115 ./Core/Src/main.o
 .debug_macro   0x0001df0e      0x1a0 ./Core/Src/main.o
 .debug_macro   0x0001e0ae       0xa5 ./Core/Src/main.o
 .debug_macro   0x0001e153      0x16d ./Core/Src/main.o
 .debug_macro   0x0001e2c0      0x287 ./Core/Src/main.o
 .debug_macro   0x0001e547       0x5f ./Core/Src/main.o
 .debug_macro   0x0001e5a6      0x236 ./Core/Src/main.o
 .debug_macro   0x0001e7dc      0x122 ./Core/Src/main.o
 .debug_macro   0x0001e8fe       0xa6 ./Core/Src/main.o
 .debug_macro   0x0001e9a4      0x132 ./Core/Src/main.o
 .debug_macro   0x0001ead6      0x29c ./Core/Src/main.o
 .debug_macro   0x0001ed72       0x2e ./Core/Src/main.o
 .debug_macro   0x0001eda0      0x127 ./Core/Src/main.o
 .debug_macro   0x0001eec7       0xe8 ./Core/Src/main.o
 .debug_macro   0x0001efaf       0x89 ./Core/Src/main.o
 .debug_macro   0x0001f038      0x8ed ./Core/Src/main.o
 .debug_macro   0x0001f925       0x53 ./Core/Src/main.o
 .debug_macro   0x0001f978      0x2aa ./Core/Src/main.o
 .debug_macro   0x0001fc22      0x126 ./Core/Src/main.o
 .debug_macro   0x0001fd48       0x58 ./Core/Src/main.o
 .debug_macro   0x0001fda0       0x61 ./Core/Src/main.o
 .debug_macro   0x0001fe01       0x2a ./Core/Src/main.o
 .debug_macro   0x0001fe2b       0x43 ./Core/Src/main.o
 .debug_macro   0x0001fe6e       0x34 ./Core/Src/main.o
 .debug_macro   0x0001fea2      0x370 ./Core/Src/main.o
 .debug_macro   0x00020212       0x16 ./Core/Src/main.o
 .debug_macro   0x00020228       0x4a ./Core/Src/main.o
 .debug_macro   0x00020272       0x34 ./Core/Src/main.o
 .debug_macro   0x000202a6       0x10 ./Core/Src/main.o
 .debug_macro   0x000202b6       0x58 ./Core/Src/main.o
 .debug_macro   0x0002030e       0x8e ./Core/Src/main.o
 .debug_macro   0x0002039c       0x1c ./Core/Src/main.o
 .debug_macro   0x000203b8      0x185 ./Core/Src/main.o
 .debug_macro   0x0002053d      0x19b ./Core/Src/main.o
 .debug_macro   0x000206d8      0x1f1 ./Core/Src/stm32f4xx_hal_msp.o
 .debug_macro   0x000208c9      0x1fb ./Core/Src/stm32f4xx_it.o
 .debug_macro   0x00020ac4      0x1e2 ./Core/Src/system_stm32f4xx.o
 .debug_macro   0x00020ca6      0x242 ./Drivers/STM32F4xx_HAL_Driver/Src/stm32f4xx_hal.o
 .debug_macro   0x00020ee8      0x1e2 ./Drivers/STM32F4xx_HAL_Driver/Src/stm32f4xx_hal_cortex.o
 .debug_macro   0x000210ca      0x1e3 ./Drivers/STM32F4xx_HAL_Driver/Src/stm32f4xx_hal_dac.o
 .debug_macro   0x000212ad      0x1e8 ./Drivers/STM32F4xx_HAL_Driver/Src/stm32f4xx_hal_dma.o
 .debug_macro   0x00021495      0x1e8 ./Drivers/STM32F4xx_HAL_Driver/Src/stm32f4xx_hal_gpio.o
 .debug_macro   0x0002167d      0x206 ./Drivers/STM32F4xx_HAL_Driver/Src/stm32f4xx_hal_rcc.o
 .debug_macro   0x00021883      0x1e2 ./Drivers/STM32F4xx_HAL_Driver/Src/stm32f4xx_hal_rcc_ex.o
 .debug_macro   0x00021a65      0x1e3 ./Drivers/STM32F4xx_HAL_Driver/Src/stm32f4xx_hal_tim.o
 .debug_macro   0x00021c48      0x1e2 ./Drivers/STM32F4xx_HAL_Driver/Src/stm32f4xx_hal_tim_ex.o
 .debug_macro   0x00021e2a      0x1e3 ./Drivers/STM32F4xx_HAL_Driver/Src/stm32f4xx_hal_uart.o

.debug_line     0x00000000     0xfd3b
 .debug_line    0x00000000      0xa84 ./Core/Src/main.o
 .debug_line    0x00000a84      0x84a ./Core/Src/stm32f4xx_hal_msp.o
 .debug_line    0x000012ce      0x856 ./Core/Src/stm32f4xx_it.o
 .debug_line    0x00001b24      0x7ed ./Core/Src/system_stm32f4xx.o
 .debug_line    0x00002311       0x7a ./Core/Startup/startup_stm32f446retx.o
 .debug_line    0x0000238b      0xa69 ./Drivers/STM32F4xx_HAL_Driver/Src/stm32f4xx_hal.o
 .debug_line    0x00002df4      0xd39 ./Drivers/STM32F4xx_HAL_Driver/Src/stm32f4xx_hal_cortex.o
 .debug_line    0x00003b2d      0xb7b ./Drivers/STM32F4xx_HAL_Driver/Src/stm32f4xx_hal_dac.o
 .debug_line    0x000046a8      0xfd5 ./Drivers/STM32F4xx_HAL_Driver/Src/stm32f4xx_hal_dma.o
 .debug_line    0x0000567d      0xbad ./Drivers/STM32F4xx_HAL_Driver/Src/stm32f4xx_hal_gpio.o
 .debug_line    0x0000622a      0xe84 ./Drivers/STM32F4xx_HAL_Driver/Src/stm32f4xx_hal_rcc.o
 .debug_line    0x000070ae     0x1535 ./Drivers/STM32F4xx_HAL_Driver/Src/stm32f4xx_hal_rcc_ex.o
 .debug_line    0x000085e3     0x37de ./Drivers/STM32F4xx_HAL_Driver/Src/stm32f4xx_hal_tim.o
 .debug_line    0x0000bdc1     0x19c9 ./Drivers/STM32F4xx_HAL_Driver/Src/stm32f4xx_hal_tim_ex.o
 .debug_line    0x0000d78a     0x25b1 ./Drivers/STM32F4xx_HAL_Driver/Src/stm32f4xx_hal_uart.o

.debug_str      0x00000000    0xd2550
 .debug_str     0x00000000    0xd2550 ./Core/Src/main.o
                              0xcf2f7 (size before relaxing)
 .debug_str     0x000d2550    0xcbc01 ./Core/Src/stm32f4xx_hal_msp.o
 .debug_str     0x000d2550    0xcb426 ./Core/Src/stm32f4xx_it.o
 .debug_str     0x000d2550    0xcaca1 ./Core/Src/system_stm32f4xx.o
 .debug_str     0x000d2550       0x8c ./Core/Startup/startup_stm32f446retx.o
 .debug_str     0x000d2550    0xcb866 ./Drivers/STM32F4xx_HAL_Driver/Src/stm32f4xx_hal.o
 .debug_str     0x000d2550    0xcb5bd ./Drivers/STM32F4xx_HAL_Driver/Src/stm32f4xx_hal_cortex.o
 .debug_str     0x000d2550    0xcb0fe ./Drivers/STM32F4xx_HAL_Driver/Src/stm32f4xx_hal_dac.o
 .debug_str     0x000d2550    0xcb096 ./Drivers/STM32F4xx_HAL_Driver/Src/stm32f4xx_hal_dma.o
 .debug_str     0x000d2550    0xcae1c ./Drivers/STM32F4xx_HAL_Driver/Src/stm32f4xx_hal_gpio.o
 .debug_str     0x000d2550    0xcb0da ./Drivers/STM32F4xx_HAL_Driver/Src/stm32f4xx_hal_rcc.o
 .debug_str     0x000d2550    0xcb10d ./Drivers/STM32F4xx_HAL_Driver/Src/stm32f4xx_hal_rcc_ex.o
 .debug_str     0x000d2550    0xcc006 ./Drivers/STM32F4xx_HAL_Driver/Src/stm32f4xx_hal_tim.o
 .debug_str     0x000d2550    0xcb812 ./Drivers/STM32F4xx_HAL_Driver/Src/stm32f4xx_hal_tim_ex.o
 .debug_str     0x000d2550    0xcb691 ./Drivers/STM32F4xx_HAL_Driver/Src/stm32f4xx_hal_uart.o

.comment        0x00000000       0x43
 .comment       0x00000000       0x43 ./Core/Src/main.o
                                 0x44 (size before relaxing)
 .comment       0x00000043       0x44 ./Core/Src/stm32f4xx_hal_msp.o
 .comment       0x00000043       0x44 ./Core/Src/stm32f4xx_it.o
 .comment       0x00000043       0x44 ./Core/Src/system_stm32f4xx.o
 .comment       0x00000043       0x44 ./Drivers/STM32F4xx_HAL_Driver/Src/stm32f4xx_hal.o
 .comment       0x00000043       0x44 ./Drivers/STM32F4xx_HAL_Driver/Src/stm32f4xx_hal_cortex.o
 .comment       0x00000043       0x44 ./Drivers/STM32F4xx_HAL_Driver/Src/stm32f4xx_hal_dac.o
 .comment       0x00000043       0x44 ./Drivers/STM32F4xx_HAL_Driver/Src/stm32f4xx_hal_dma.o
 .comment       0x00000043       0x44 ./Drivers/STM32F4xx_HAL_Driver/Src/stm32f4xx_hal_gpio.o
 .comment       0x00000043       0x44 ./Drivers/STM32F4xx_HAL_Driver/Src/stm32f4xx_hal_rcc.o
 .comment       0x00000043       0x44 ./Drivers/STM32F4xx_HAL_Driver/Src/stm32f4xx_hal_rcc_ex.o
 .comment       0x00000043       0x44 ./Drivers/STM32F4xx_HAL_Driver/Src/stm32f4xx_hal_tim.o
 .comment       0x00000043       0x44 ./Drivers/STM32F4xx_HAL_Driver/Src/stm32f4xx_hal_tim_ex.o
 .comment       0x00000043       0x44 ./Drivers/STM32F4xx_HAL_Driver/Src/stm32f4xx_hal_uart.o

.debug_frame    0x00000000     0x3ca8
 .debug_frame   0x00000000      0x118 ./Core/Src/main.o
 .debug_frame   0x00000118      0x10c ./Core/Src/stm32f4xx_hal_msp.o
 .debug_frame   0x00000224      0x13c ./Core/Src/stm32f4xx_it.o
 .debug_frame   0x00000360       0x58 ./Core/Src/system_stm32f4xx.o
 .debug_frame   0x000003b8      0x374 ./Drivers/STM32F4xx_HAL_Driver/Src/stm32f4xx_hal.o
 .debug_frame   0x0000072c      0x508 ./Drivers/STM32F4xx_HAL_Driver/Src/stm32f4xx_hal_cortex.o
 .debug_frame   0x00000c34      0x338 ./Drivers/STM32F4xx_HAL_Driver/Src/stm32f4xx_hal_dac.o
 .debug_frame   0x00000f6c      0x250 ./Drivers/STM32F4xx_HAL_Driver/Src/stm32f4xx_hal_dma.o
 .debug_frame   0x000011bc      0x14c ./Drivers/STM32F4xx_HAL_Driver/Src/stm32f4xx_hal_gpio.o
 .debug_frame   0x00001308      0x1f4 ./Drivers/STM32F4xx_HAL_Driver/Src/stm32f4xx_hal_rcc.o
 .debug_frame   0x000014fc      0x1e8 ./Drivers/STM32F4xx_HAL_Driver/Src/stm32f4xx_hal_rcc_ex.o
 .debug_frame   0x000016e4     0x11c0 ./Drivers/STM32F4xx_HAL_Driver/Src/stm32f4xx_hal_tim.o
 .debug_frame   0x000028a4      0x638 ./Drivers/STM32F4xx_HAL_Driver/Src/stm32f4xx_hal_tim_ex.o
 .debug_frame   0x00002edc      0x954 ./Drivers/STM32F4xx_HAL_Driver/Src/stm32f4xx_hal_uart.o
 .debug_frame   0x00003830       0x20 C:/ST/STM32CubeIDE_1.19.0/STM32CubeIDE/plugins/com.st.stm32cube.ide.mcu.externaltools.gnu-tools-for-stm32.13.3.rel1.win32_1.0.0.202411081344/tools/bin/../lib/gcc/arm-none-eabi/13.3.1/../../../../arm-none-eabi/lib/thumb/v7e-m+fp/hard\libc_nano.a(libc_a-memset.o)
 .debug_frame   0x00003850       0x2c C:/ST/STM32CubeIDE_1.19.0/STM32CubeIDE/plugins/com.st.stm32cube.ide.mcu.externaltools.gnu-tools-for-stm32.13.3.rel1.win32_1.0.0.202411081344/tools/bin/../lib/gcc/arm-none-eabi/13.3.1/../../../../arm-none-eabi/lib/thumb/v7e-m+fp/hard\libc_nano.a(libc_a-init.o)
 .debug_frame   0x0000387c       0x38 C:/ST/STM32CubeIDE_1.19.0/STM32CubeIDE/plugins/com.st.stm32cube.ide.mcu.externaltools.gnu-tools-for-stm32.13.3.rel1.win32_1.0.0.202411081344/tools/bin/../lib/gcc/arm-none-eabi/13.3.1/../../../../arm-none-eabi/lib/thumb/v7e-m+fp/hard\libm.a(libm_a-s_sin.o)
 .debug_frame   0x000038b4       0x3c C:/ST/STM32CubeIDE_1.19.0/STM32CubeIDE/plugins/com.st.stm32cube.ide.mcu.externaltools.gnu-tools-for-stm32.13.3.rel1.win32_1.0.0.202411081344/tools/bin/../lib/gcc/arm-none-eabi/13.3.1/../../../../arm-none-eabi/lib/thumb/v7e-m+fp/hard\libm.a(libm_a-k_cos.o)
 .debug_frame   0x000038f0       0x40 C:/ST/STM32CubeIDE_1.19.0/STM32CubeIDE/plugins/com.st.stm32cube.ide.mcu.externaltools.gnu-tools-for-stm32.13.3.rel1.win32_1.0.0.202411081344/tools/bin/../lib/gcc/arm-none-eabi/13.3.1/../../../../arm-none-eabi/lib/thumb/v7e-m+fp/hard\libm.a(libm_a-k_sin.o)
 .debug_frame   0x00003930       0x40 C:/ST/STM32CubeIDE_1.19.0/STM32CubeIDE/plugins/com.st.stm32cube.ide.mcu.externaltools.gnu-tools-for-stm32.13.3.rel1.win32_1.0.0.202411081344/tools/bin/../lib/gcc/arm-none-eabi/13.3.1/../../../../arm-none-eabi/lib/thumb/v7e-m+fp/hard\libm.a(libm_a-e_rem_pio2.o)
 .debug_frame   0x00003970       0x20 C:/ST/STM32CubeIDE_1.19.0/STM32CubeIDE/plugins/com.st.stm32cube.ide.mcu.externaltools.gnu-tools-for-stm32.13.3.rel1.win32_1.0.0.202411081344/tools/bin/../lib/gcc/arm-none-eabi/13.3.1/../../../../arm-none-eabi/lib/thumb/v7e-m+fp/hard\libm.a(libm_a-s_fabs.o)
 .debug_frame   0x00003990       0x54 C:/ST/STM32CubeIDE_1.19.0/STM32CubeIDE/plugins/com.st.stm32cube.ide.mcu.externaltools.gnu-tools-for-stm32.13.3.rel1.win32_1.0.0.202411081344/tools/bin/../lib/gcc/arm-none-eabi/13.3.1/../../../../arm-none-eabi/lib/thumb/v7e-m+fp/hard\libm.a(libm_a-k_rem_pio2.o)
 .debug_frame   0x000039e4       0x2c C:/ST/STM32CubeIDE_1.19.0/STM32CubeIDE/plugins/com.st.stm32cube.ide.mcu.externaltools.gnu-tools-for-stm32.13.3.rel1.win32_1.0.0.202411081344/tools/bin/../lib/gcc/arm-none-eabi/13.3.1/../../../../arm-none-eabi/lib/thumb/v7e-m+fp/hard\libm.a(libm_a-s_scalbn.o)
 .debug_frame   0x00003a10       0x30 C:/ST/STM32CubeIDE_1.19.0/STM32CubeIDE/plugins/com.st.stm32cube.ide.mcu.externaltools.gnu-tools-for-stm32.13.3.rel1.win32_1.0.0.202411081344/tools/bin/../lib/gcc/arm-none-eabi/13.3.1/../../../../arm-none-eabi/lib/thumb/v7e-m+fp/hard\libm.a(libm_a-s_floor.o)
 .debug_frame   0x00003a40       0xac C:/ST/STM32CubeIDE_1.19.0/STM32CubeIDE/plugins/com.st.stm32cube.ide.mcu.externaltools.gnu-tools-for-stm32.13.3.rel1.win32_1.0.0.202411081344/tools/bin/../lib/gcc/arm-none-eabi/13.3.1/thumb/v7e-m+fp/hard\libgcc.a(_arm_addsubdf3.o)
 .debug_frame   0x00003aec       0x50 C:/ST/STM32CubeIDE_1.19.0/STM32CubeIDE/plugins/com.st.stm32cube.ide.mcu.externaltools.gnu-tools-for-stm32.13.3.rel1.win32_1.0.0.202411081344/tools/bin/../lib/gcc/arm-none-eabi/13.3.1/thumb/v7e-m+fp/hard\libgcc.a(_arm_muldivdf3.o)
 .debug_frame   0x00003b3c       0xc4 C:/ST/STM32CubeIDE_1.19.0/STM32CubeIDE/plugins/com.st.stm32cube.ide.mcu.externaltools.gnu-tools-for-stm32.13.3.rel1.win32_1.0.0.202411081344/tools/bin/../lib/gcc/arm-none-eabi/13.3.1/thumb/v7e-m+fp/hard\libgcc.a(_arm_cmpdf2.o)
 .debug_frame   0x00003c00       0x24 C:/ST/STM32CubeIDE_1.19.0/STM32CubeIDE/plugins/com.st.stm32cube.ide.mcu.externaltools.gnu-tools-for-stm32.13.3.rel1.win32_1.0.0.202411081344/tools/bin/../lib/gcc/arm-none-eabi/13.3.1/thumb/v7e-m+fp/hard\libgcc.a(_arm_fixdfsi.o)
 .debug_frame   0x00003c24       0x24 C:/ST/STM32CubeIDE_1.19.0/STM32CubeIDE/plugins/com.st.stm32cube.ide.mcu.externaltools.gnu-tools-for-stm32.13.3.rel1.win32_1.0.0.202411081344/tools/bin/../lib/gcc/arm-none-eabi/13.3.1/thumb/v7e-m+fp/hard\libgcc.a(_arm_fixunsdfsi.o)
 .debug_frame   0x00003c48       0x2c C:/ST/STM32CubeIDE_1.19.0/STM32CubeIDE/plugins/com.st.stm32cube.ide.mcu.externaltools.gnu-tools-for-stm32.13.3.rel1.win32_1.0.0.202411081344/tools/bin/../lib/gcc/arm-none-eabi/13.3.1/thumb/v7e-m+fp/hard\libgcc.a(_aeabi_uldivmod.o)
 .debug_frame   0x00003c74       0x34 C:/ST/STM32CubeIDE_1.19.0/STM32CubeIDE/plugins/com.st.stm32cube.ide.mcu.externaltools.gnu-tools-for-stm32.13.3.rel1.win32_1.0.0.202411081344/tools/bin/../lib/gcc/arm-none-eabi/13.3.1/thumb/v7e-m+fp/hard\libgcc.a(_udivmoddi4.o)

.debug_line_str
                0x00000000       0x70
 .debug_line_str
                0x00000000       0x70 ./Core/Startup/startup_stm32f446retx.o
